Archive member included to satisfy reference by file (symbol)

/home/wmt/myProj/esp32/myApp/build/cxx/libcxx.a(cxx_guards.o)
                              (__cxa_guard_dummy)
/home/wmt/myProj/esp32/myApp/build/cxx/libcxx.a(cxx_exception_stubs.o)
                              (__cxx_fatal_exception)
/home/wmt/myProj/esp32/myApp/build/esp32/libesp32.a(cpu_start.o)
                              (call_start_cpu0)
/home/wmt/myProj/esp32/myApp/build/esp32/libesp32.a(clk.o)
                              /home/wmt/myProj/esp32/myApp/build/esp32/libesp32.a(cpu_start.o) (esp_clk_init)
/home/wmt/myProj/esp32/myApp/build/esp32/libesp32.a(panic.o)
                              /home/wmt/myProj/esp32/myApp/build/cxx/libcxx.a(cxx_guards.o) (abort)
/home/wmt/myProj/esp32/myApp/build/esp32/libesp32.a(crosscore_int.o)
                              /home/wmt/myProj/esp32/myApp/build/esp32/libesp32.a(cpu_start.o) (esp_crosscore_int_init)
/home/wmt/myProj/esp32/myApp/build/esp32/libesp32.a(cache_err_int.o)
                              /home/wmt/myProj/esp32/myApp/build/esp32/libesp32.a(cpu_start.o) (esp_cache_err_int_init)
/home/wmt/myProj/esp32/myApp/build/esp32/libesp32.a(ipc.o)
                              /home/wmt/myProj/esp32/myApp/build/esp32/libesp32.a(cpu_start.o) (esp_ipc_init)
/home/wmt/myProj/esp32/myApp/build/esp32/libesp32.a(intr_alloc.o)
                              /home/wmt/myProj/esp32/myApp/build/esp32/libesp32.a(crosscore_int.o) (esp_intr_alloc)
/home/wmt/myProj/esp32/myApp/build/esp32/libesp32.a(int_wdt.o)
                              /home/wmt/myProj/esp32/myApp/build/esp32/libesp32.a(cpu_start.o) (esp_int_wdt_init)
/home/wmt/myProj/esp32/myApp/build/esp32/libesp32.a(esp_timer.o)
                              /home/wmt/myProj/esp32/myApp/build/esp32/libesp32.a(cpu_start.o) (esp_timer_init)
/home/wmt/myProj/esp32/myApp/build/esp32/libesp32.a(dport_access.o)
                              /home/wmt/myProj/esp32/myApp/build/esp32/libesp32.a(cpu_start.o) (esp_dport_access_stall_other_cpu_start)
/home/wmt/myProj/esp32/myApp/build/esp32/libesp32.a(brownout.o)
                              /home/wmt/myProj/esp32/myApp/build/esp32/libesp32.a(cpu_start.o) (esp_brownout_init)
/home/wmt/myProj/esp32/myApp/build/esp32/libesp32.a(dport_panic_highint_hdl.o)
                              (ld_include_panic_highint_hdl)
/home/wmt/myProj/esp32/myApp/build/esp32/libesp32.a(system_api.o)
                              /home/wmt/myProj/esp32/myApp/build/esp32/libesp32.a(panic.o) (esp_restart_noos)
/home/wmt/myProj/esp32/myApp/build/esp32/libesp32.a(task_wdt.o)
                              /home/wmt/myProj/esp32/myApp/build/esp32/libesp32.a(cpu_start.o) (esp_task_wdt_init)
/home/wmt/myProj/esp32/myApp/build/esp32/libesp32.a(esp_timer_esp32.o)
                              /home/wmt/myProj/esp32/myApp/build/esp32/libesp32.a(esp_timer.o) (esp_timer_impl_get_time)
/home/wmt/myProj/esp32/myApp/build/esp32/libesp32.a(freertos_hooks.o)
                              /home/wmt/myProj/esp32/myApp/build/esp32/libesp32.a(task_wdt.o) (esp_register_freertos_idle_hook_for_cpu)
/home/wmt/myProj/esp32/esp-idf/components/esp32/libhal.a(int_asm--set_intclear.o)
                              /home/wmt/myProj/esp32/myApp/build/esp32/libesp32.a(intr_alloc.o) (xthal_set_intclear)
/home/wmt/myProj/esp32/myApp/build/freertos/libfreertos.a(xtensa_intr.o)
                              /home/wmt/myProj/esp32/myApp/build/esp32/libesp32.a(intr_alloc.o) (xt_unhandled_interrupt)
/home/wmt/myProj/esp32/myApp/build/freertos/libfreertos.a(queue.o)
                              /home/wmt/myProj/esp32/myApp/build/esp32/libesp32.a(ipc.o) (xQueueGenericCreate)
/home/wmt/myProj/esp32/myApp/build/freertos/libfreertos.a(list.o)
                              /home/wmt/myProj/esp32/myApp/build/freertos/libfreertos.a(queue.o) (vListInitialise)
/home/wmt/myProj/esp32/myApp/build/freertos/libfreertos.a(port.o)
                              /home/wmt/myProj/esp32/myApp/build/esp32/libesp32.a(cpu_start.o) (port_xSchedulerRunning)
/home/wmt/myProj/esp32/myApp/build/freertos/libfreertos.a(tasks.o)
                              /home/wmt/myProj/esp32/myApp/build/esp32/libesp32.a(system_api.o) (vTaskSuspendAll)
/home/wmt/myProj/esp32/myApp/build/freertos/libfreertos.a(timers.o)
                              /home/wmt/myProj/esp32/myApp/build/freertos/libfreertos.a(tasks.o) (xTimerCreateTimerTask)
/home/wmt/myProj/esp32/myApp/build/freertos/libfreertos.a(FreeRTOS-openocd.o)
                              (uxTopUsedPriority)
/home/wmt/myProj/esp32/myApp/build/freertos/libfreertos.a(xtensa_context.o)
                              /home/wmt/myProj/esp32/myApp/build/esp32/libesp32.a(dport_panic_highint_hdl.o) (_xt_context_save)
/home/wmt/myProj/esp32/myApp/build/freertos/libfreertos.a(portasm.o)
                              /home/wmt/myProj/esp32/myApp/build/esp32/libesp32.a(crosscore_int.o) (_frxt_setup_switch)
[...]
Memory Configuration

Name             Origin             Length             Attributes
iram0_0_seg      0x0000000040080000 0x0000000000020000 xr
iram0_2_seg      0x00000000400d0018 0x000000000032ffe8 xr
dram0_0_seg      0x000000003ffb0000 0x000000000002c200 rw
drom0_0_seg      0x000000003f400018 0x00000000003fffe8 r
rtc_iram_seg     0x00000000400c0000 0x0000000000002000 xrw
rtc_slow_seg     0x0000000050000000 0x0000000000001000 rw
*default*        0x0000000000000000 0xffffffffffffffff

Linker script and memory map

START GROUP
LOAD /home/wmt/myProj/esp32/myApp/build/app_trace/libapp_trace.a
LOAD /home/wmt/myProj/esp32/myApp/build/app_update/libapp_update.a
LOAD /home/wmt/myProj/esp32/myApp/build/bootloader_support/libbootloader_support.a
LOAD /home/wmt/myProj/esp32/myApp/build/bt/libbt.a
LOAD /home/wmt/myProj/esp32/myApp/build/coap/libcoap.a
LOAD /home/wmt/myProj/esp32/myApp/build/console/libconsole.a
LOAD /home/wmt/myProj/esp32/myApp/build/cxx/libcxx.a
LOAD /home/wmt/myProj/esp32/myApp/build/driver/libdriver.a
LOAD /home/wmt/myProj/esp32/myApp/build/esp32/libesp32.a
LOAD /home/wmt/myProj/esp32/esp-idf/components/esp32/libhal.a
LOAD /home/wmt/myProj/esp32/esp-idf/components/esp32/lib/libcore.a
LOAD /home/wmt/myProj/esp32/esp-idf/components/esp32/lib/librtc.a
LOAD /home/wmt/myProj/esp32/esp-idf/components/esp32/lib/libnet80211.a
LOAD /home/wmt/myProj/esp32/esp-idf/components/esp32/lib/libpp.a
LOAD /home/wmt/myProj/esp32/esp-idf/components/esp32/lib/libwpa.a
LOAD /home/wmt/myProj/esp32/esp-idf/components/esp32/lib/libsmartconfig.a
LOAD /home/wmt/myProj/esp32/esp-idf/components/esp32/lib/libcoexist.a
LOAD /home/wmt/myProj/esp32/esp-idf/components/esp32/lib/libwps.a
LOAD /home/wmt/myProj/esp32/esp-idf/components/esp32/lib/libwpa2.a
LOAD /home/wmt/myProj/esp32/esp-idf/components/esp32/lib/libespnow.a
LOAD /home/wmt/myProj/esp32/esp-idf/components/esp32/lib/libphy.a
LOAD /home/wmt/myProj/esp32/myApp/build/esp_adc_cal/libesp_adc_cal.a
LOAD /home/wmt/myProj/esp32/myApp/build/ethernet/libethernet.a
LOAD /home/wmt/myProj/esp32/myApp/build/expat/libexpat.a
LOAD /home/wmt/myProj/esp32/myApp/build/fatfs/libfatfs.a
LOAD /home/wmt/myProj/esp32/myApp/build/freertos/libfreertos.a
LOAD /home/wmt/myProj/esp32/myApp/build/heap/libheap.a
LOAD /home/wmt/myProj/esp32/myApp/build/idf_test/libidf_test.a
LOAD /home/wmt/myProj/esp32/myApp/build/jsmn/libjsmn.a
LOAD /home/wmt/myProj/esp32/myApp/build/json/libjson.a
LOAD /home/wmt/myProj/esp32/myApp/build/libsodium/liblibsodium.a
LOAD /home/wmt/myProj/esp32/myApp/build/log/liblog.a
LOAD /home/wmt/myProj/esp32/myApp/build/lwip/liblwip.a
LOAD /home/wmt/myProj/esp32/myApp/build/main/libmain.a
LOAD /home/wmt/myProj/esp32/myApp/build/mbedtls/libmbedtls.a
LOAD /home/wmt/myProj/esp32/myApp/build/mdns/libmdns.a
LOAD /home/wmt/myProj/esp32/myApp/build/micro-ecc/libmicro-ecc.a
LOAD /home/wmt/myProj/esp32/esp-idf/components/newlib/lib/libc.a
LOAD /home/wmt/myProj/esp32/esp-idf/components/newlib/lib/libm.a
LOAD /home/wmt/myProj/esp32/myApp/build/newlib/libnewlib.a
LOAD /home/wmt/myProj/esp32/myApp/build/nghttp/libnghttp.a
LOAD /home/wmt/myProj/esp32/myApp/build/nvs_flash/libnvs_flash.a
LOAD /home/wmt/myProj/esp32/myApp/build/openssl/libopenssl.a
LOAD /home/wmt/myProj/esp32/myApp/build/pthread/libpthread.a
LOAD /home/wmt/myProj/esp32/myApp/build/sdmmc/libsdmmc.a
LOAD /home/wmt/myProj/esp32/myApp/build/soc/libsoc.a
LOAD /home/wmt/myProj/esp32/myApp/build/spi_flash/libspi_flash.a
LOAD /home/wmt/myProj/esp32/myApp/build/spiffs/libspiffs.a
LOAD /home/wmt/myProj/esp32/myApp/build/tcpip_adapter/libtcpip_adapter.a
LOAD /home/wmt/myProj/esp32/myApp/build/ulp/libulp.a
LOAD /home/wmt/myProj/esp32/myApp/build/vfs/libvfs.a
LOAD /home/wmt/myProj/esp32/myApp/build/wear_levelling/libwear_levelling.a
LOAD /home/wmt/myProj/esp32/myApp/build/wpa_supplicant/libwpa_supplicant.a
LOAD /home/wmt/myProj/esp32/myApp/build/xtensa-debug-module/libxtensa-debug-module.a
LOAD /home/wmt/soft/esp/crosstool-NG/builds/xtensa-esp32-elf/lib/gcc/xtensa-esp32-elf/5.2.0/libgcc.a
LOAD /home/wmt/soft/esp/crosstool-NG/builds/xtensa-esp32-elf/lib/gcc/xtensa-esp32-elf/5.2.0/../../../../xtensa-esp32-elf/lib/libstdc++.a
LOAD /home/wmt/soft/esp/crosstool-NG/builds/xtensa-esp32-elf/lib/gcc/xtensa-esp32-elf/5.2.0/libgcov.a
END GROUP
                0x0000000040000000                _heap_end = 0x40000000

.rtc.text       0x00000000400c0000        0x0
                0x00000000400c0000                . = ALIGN (0x4)
 *(.rtc.literal .rtc.text)
 *rtc_wake_stub*.o(.literal .text .literal.* .text.*)

.rtc.data       0x0000000050000000        0x0
                0x0000000050000000                _rtc_data_start = ABSOLUTE (.)
 *(.rtc.data)
 *(.rtc.rodata)
 *rtc_wake_stub*.o(.data .rodata .data.* .rodata.* .bss .bss.*)
                0x0000000050000000                _rtc_data_end = ABSOLUTE (.)

.rtc.bss        0x0000000050000000        0x0
                0x0000000050000000                _rtc_bss_start = ABSOLUTE (.)
 *rtc_wake_stub*.o(.bss .bss.*)
 *rtc_wake_stub*.o(COMMON)
                0x0000000050000000                _rtc_bss_end = ABSOLUTE (.)

.iram0.vectors  0x0000000040080000      0x400
                0x0000000040080000                _init_start = ABSOLUTE (.)
                0x0000000000000000                . = 0x0
 *(.WindowVectors.text)
 .WindowVectors.text
                0x0000000040080000      0x16a /home/wmt/myProj/esp32/myApp/build/freertos/libfreertos.a(xtensa_vectors.o)
                0x0000000040080000                _WindowOverflow4
                0x0000000040080040                _WindowUnderflow4
                0x0000000040080050                _xt_alloca_exc
                0x0000000040080080                _WindowOverflow8
                0x00000000400800c0                _WindowUnderflow8
                0x0000000040080100                _WindowOverflow12
                0x0000000040080140                _WindowUnderflow12
                0x0000000000000180                . = 0x180
 *fill*         0x000000004008016a       0x16 
 *(.Level2InterruptVector.text)
 .Level2InterruptVector.text
                0x0000000040080180        0x6 /home/wmt/myProj/esp32/myApp/build/freertos/libfreertos.a(xtensa_vectors.o)
                0x0000000040080180                _Level2Vector
                0x00000000000001c0                . = 0x1c0
 *fill*         0x0000000040080186       0x3a 
 *(.Level3InterruptVector.text)
 .Level3InterruptVector.text
                0x00000000400801c0        0x6 /home/wmt/myProj/esp32/myApp/build/freertos/libfreertos.a(xtensa_vectors.o)
                0x00000000400801c0                _Level3Vector
                0x0000000000000200                . = 0x200
 *fill*         0x00000000400801c6       0x3a 
 *(.Level4InterruptVector.text)
 .Level4InterruptVector.text
                0x0000000040080200        0x6 /home/wmt/myProj/esp32/myApp/build/freertos/libfreertos.a(xtensa_vectors.o)
                0x0000000040080200                _Level4Vector
                0x0000000000000240                . = 0x240
 *fill*         0x0000000040080206       0x3a 
 *(.Level5InterruptVector.text)
 .Level5InterruptVector.text
                0x0000000040080240        0x6 /home/wmt/myProj/esp32/myApp/build/freertos/libfreertos.a(xtensa_vectors.o)
                0x0000000040080240                _Level5Vector
                0x0000000000000280                . = 0x280
 *fill*         0x0000000040080246       0x3a 
 *(.DebugExceptionVector.text)
 .DebugExceptionVector.text
                0x0000000040080280        0x6 /home/wmt/myProj/esp32/myApp/build/freertos/libfreertos.a(xtensa_vectors.o)
                0x0000000040080280                _DebugExceptionVector
                0x00000000000002c0                . = 0x2c0
 *fill*         0x0000000040080286       0x3a 
 *(.NMIExceptionVector.text)
 .NMIExceptionVector.text
                0x00000000400802c0        0x6 /home/wmt/myProj/esp32/myApp/build/freertos/libfreertos.a(xtensa_vectors.o)
                0x00000000400802c0                _NMIExceptionVector
                0x0000000000000300                . = 0x300
 *fill*         0x00000000400802c6       0x3a 
 *(.KernelExceptionVector.text)
 .KernelExceptionVector.text
                0x0000000040080300        0x6 /home/wmt/myProj/esp32/myApp/build/freertos/libfreertos.a(xtensa_vectors.o)
                0x0000000040080300                _KernelExceptionVector
                0x0000000000000340                . = 0x340
 *fill*         0x0000000040080306       0x3a 
 *(.UserExceptionVector.text)
 .UserExceptionVector.text
                0x0000000040080340        0x6 /home/wmt/myProj/esp32/myApp/build/freertos/libfreertos.a(xtensa_vectors.o)
                0x0000000040080340                _UserExceptionVector
                0x00000000000003c0                . = 0x3c0
 *fill*         0x0000000040080346       0x7a 
 *(.DoubleExceptionVector.text)
 .DoubleExceptionVector.text
                0x00000000400803c0        0xf /home/wmt/myProj/esp32/myApp/build/freertos/libfreertos.a(xtensa_vectors.o)
                0x00000000400803c0                _DoubleExceptionVector
                0x0000000000000400                . = 0x400
 *fill*         0x00000000400803cf       0x31 
 *(.*Vector.literal)
 *(.UserEnter.literal)
 *(.UserEnter.text)
                0x0000000040080400                . = ALIGN (0x10)
 *(.entry.text)
 *(.init.literal)
 *(.init)
                0x0000000040080400                _init_end = ABSOLUTE (.)
                0x0000000000000000                _iram_start = 0x0

.iram0.text     0x0000000040080400     0x84e0
                0x0000000040080400                _iram_text_start = ABSOLUTE (.)
 *(.iram1 .iram1.*)
 .iram1.literal
                0x0000000040080400       0xa8 /home/wmt/myProj/esp32/myApp/build/esp32/libesp32.a(cpu_start.o)
                                        0x1d4 (size before relaxing)
 .iram1.literal
                0x00000000400804a8        0xc /home/wmt/myProj/esp32/myApp/build/esp32/libesp32.a(clk.o)
                                         0x18 (size before relaxing)
 .iram1.literal
                0x00000000400804b4       0x1c /home/wmt/myProj/esp32/myApp/build/esp32/libesp32.a(crosscore_int.o)
                                         0x40 (size before relaxing)
 .iram1.literal
                0x00000000400804d0        0xc /home/wmt/myProj/esp32/myApp/build/esp32/libesp32.a(cache_err_int.o)
                                         0x20 (size before relaxing)
 .iram1.literal
                0x00000000400804dc       0x20 /home/wmt/myProj/esp32/myApp/build/esp32/libesp32.a(ipc.o)
                                         0x34 (size before relaxing)
 .iram1.literal
                0x00000000400804fc       0x20 /home/wmt/myProj/esp32/myApp/build/esp32/libesp32.a(intr_alloc.o)
                                         0x7c (size before relaxing)
 .iram1.literal
                0x000000004008051c        0xc /home/wmt/myProj/esp32/myApp/build/esp32/libesp32.a(int_wdt.o)
 .iram1.literal
                0x0000000040080528       0x20 /home/wmt/myProj/esp32/myApp/build/esp32/libesp32.a(esp_timer.o)
                                         0x54 (size before relaxing)
 .iram1.literal
                0x0000000040080548       0x34 /home/wmt/myProj/esp32/myApp/build/esp32/libesp32.a(dport_access.o)
                                         0x7c (size before relaxing)
 .iram1.literal
                0x000000004008057c       0x10 /home/wmt/myProj/esp32/myApp/build/esp32/libesp32.a(dport_panic_highint_hdl.o)
                                         0x28 (size before relaxing)
 .iram1.literal
                0x000000004008058c       0x64 /home/wmt/myProj/esp32/myApp/build/esp32/libesp32.a(system_api.o)
                                         0xc8 (size before relaxing)
 .iram1.literal
                0x00000000400805f0       0x44 /home/wmt/myProj/esp32/myApp/build/esp32/libesp32.a(esp_timer_esp32.o)
                                         0xc8 (size before relaxing)
 .iram1.literal
                0x0000000040080634        0x4 /home/wmt/myProj/esp32/myApp/build/esp32/libesp32.a(freertos_hooks.o)
 .iram1.literal
                0x0000000040080638        0x4 /home/wmt/myProj/esp32/myApp/build/freertos/libfreertos.a(port.o)
 .iram1.literal
                0x000000004008063c       0x44 /home/wmt/myProj/esp32/myApp/build/freertos/libfreertos.a(xtensa_vectors.o)
                                         0x68 (size before relaxing)
 .iram1.literal
                0x0000000040080680       0x58 /home/wmt/myProj/esp32/myApp/build/heap/libheap.a(heap_caps.o)
                                         0xb0 (size before relaxing)
 .iram1.literal
                0x00000000400806d8       0x24 /home/wmt/myProj/esp32/myApp/build/log/liblog.a(log.o)
                                         0x48 (size before relaxing)
 .iram1.literal
                0x00000000400806fc        0x0 /home/wmt/myProj/esp32/myApp/build/newlib/libnewlib.a(time.o)
                                         0x1c (size before relaxing)
 .iram1.literal
                0x00000000400806fc        0x8 /home/wmt/myProj/esp32/myApp/build/newlib/libnewlib.a(reent_init.o)
                                         0x10 (size before relaxing)
 .iram1.literal
                0x0000000040080704        0x0 /home/wmt/myProj/esp32/myApp/build/newlib/libnewlib.a(syscalls.o)
                                         0x14 (size before relaxing)
 .iram1.literal
                0x0000000040080704       0x14 /home/wmt/myProj/esp32/myApp/build/newlib/libnewlib.a(locks.o)
                                         0x90 (size before relaxing)
 .iram1.literal
                0x0000000040080718       0x1c /home/wmt/myProj/esp32/myApp/build/soc/libsoc.a(cpu_util.o)
                                         0x30 (size before relaxing)
 .iram1.literal
                0x0000000040080734       0x50 /home/wmt/myProj/esp32/myApp/build/spi_flash/libspi_flash.a(cache_utils.o)
                                        0x144 (size before relaxing)
 .iram1.literal
                0x0000000040080784       0x38 /home/wmt/myProj/esp32/myApp/build/spi_flash/libspi_flash.a(flash_ops.o)
                                         0xe4 (size before relaxing)
 .iram1.literal
                0x00000000400807bc       0x4c /home/wmt/myProj/esp32/myApp/build/spi_flash/libspi_flash.a(flash_mmap.o)
                                        0x108 (size before relaxing)
 .literal.xt_unhandled_interrupt
                0x0000000040080808        0x4 /home/wmt/myProj/esp32/myApp/build/freertos/libfreertos.a(xtensa_intr.o)
                                          0x8 (size before relaxing)
 .literal.xt_set_interrupt_handler
                0x000000004008080c        0x8 /home/wmt/myProj/esp32/myApp/build/freertos/libfreertos.a(xtensa_intr.o)
                                          0xc (size before relaxing)
 .literal.prvIsQueueFull
                0x0000000040080814        0x0 /home/wmt/myProj/esp32/myApp/build/freertos/libfreertos.a(queue.o)
                                          0x8 (size before relaxing)
 .literal.prvCopyDataToQueue
                0x0000000040080814        0x0 /home/wmt/myProj/esp32/myApp/build/freertos/libfreertos.a(queue.o)
                                          0xc (size before relaxing)
 .literal.prvNotifyQueueSetContainer
                0x0000000040080814       0x14 /home/wmt/myProj/esp32/myApp/build/freertos/libfreertos.a(queue.o)
                                         0x2c (size before relaxing)
 .literal.prvCopyDataFromQueue
                0x0000000040080828        0x0 /home/wmt/myProj/esp32/myApp/build/freertos/libfreertos.a(queue.o)
                                          0x4 (size before relaxing)
 .literal.xQueueGenericReset
                0x0000000040080828        0x4 /home/wmt/myProj/esp32/myApp/build/freertos/libfreertos.a(queue.o)
                                         0x30 (size before relaxing)
 .literal.prvInitialiseNewQueue
                0x000000004008082c        0x0 /home/wmt/myProj/esp32/myApp/build/freertos/libfreertos.a(queue.o)
                                          0x4 (size before relaxing)
 .literal.xQueueGenericCreate
                0x000000004008082c        0x4 /home/wmt/myProj/esp32/myApp/build/freertos/libfreertos.a(queue.o)
                                         0x1c (size before relaxing)
 .literal.xQueueGetMutexHolder
                0x0000000040080830        0x0 /home/wmt/myProj/esp32/myApp/build/freertos/libfreertos.a(queue.o)
                                          0x8 (size before relaxing)
 .literal.xQueueCreateCountingSemaphore
                0x0000000040080830        0x4 /home/wmt/myProj/esp32/myApp/build/freertos/libfreertos.a(queue.o)
                                         0x28 (size before relaxing)
 .literal.xQueueGenericSend
                0x0000000040080834        0x4 /home/wmt/myProj/esp32/myApp/build/freertos/libfreertos.a(queue.o)
                                         0x7c (size before relaxing)
 .literal.prvInitialiseMutex
                0x0000000040080838        0x0 /home/wmt/myProj/esp32/myApp/build/freertos/libfreertos.a(queue.o)
                                          0x8 (size before relaxing)
 .literal.xQueueCreateMutex
                0x0000000040080838        0x0 /home/wmt/myProj/esp32/myApp/build/freertos/libfreertos.a(queue.o)
                                          0x8 (size before relaxing)
 .literal.xQueueGiveMutexRecursive
                0x0000000040080838        0x4 /home/wmt/myProj/esp32/myApp/build/freertos/libfreertos.a(queue.o)
                                         0x1c (size before relaxing)
 .literal.xQueueGenericSendFromISR
                0x000000004008083c        0x4 /home/wmt/myProj/esp32/myApp/build/freertos/libfreertos.a(queue.o)
                                         0x3c (size before relaxing)
 .literal.xQueueGiveFromISR
                0x0000000040080840        0x4 /home/wmt/myProj/esp32/myApp/build/freertos/libfreertos.a(queue.o)
                                         0x30 (size before relaxing)
 .literal.xQueueGenericReceive
                0x0000000040080844        0x4 /home/wmt/myProj/esp32/myApp/build/freertos/libfreertos.a(queue.o)
                                         0x78 (size before relaxing)
 .literal.xQueueTakeMutexRecursive
                0x0000000040080848        0x4 /home/wmt/myProj/esp32/myApp/build/freertos/libfreertos.a(queue.o)
                                         0x1c (size before relaxing)
 .literal.xQueueReceiveFromISR
                0x000000004008084c        0x4 /home/wmt/myProj/esp32/myApp/build/freertos/libfreertos.a(queue.o)
                                         0x30 (size before relaxing)
 .literal.vQueueDelete
                0x0000000040080850        0x4 /home/wmt/myProj/esp32/myApp/build/freertos/libfreertos.a(queue.o)
                                         0x18 (size before relaxing)
 .literal.vQueueWaitForMessageRestricted
                0x0000000040080854        0x0 /home/wmt/myProj/esp32/myApp/build/freertos/libfreertos.a(queue.o)
                                          0xc (size before relaxing)
 .literal.pxPortInitialiseStack
                0x0000000040080854       0x10 /home/wmt/myProj/esp32/myApp/build/freertos/libfreertos.a(port.o)
                                         0x18 (size before relaxing)
 .literal.xPortStartScheduler
                0x0000000040080864        0x0 /home/wmt/myProj/esp32/myApp/build/freertos/libfreertos.a(port.o)
                                         0x14 (size before relaxing)
 .literal.xPortSysTickHandler
                0x0000000040080864        0x0 /home/wmt/myProj/esp32/myApp/build/freertos/libfreertos.a(port.o)
                                          0x8 (size before relaxing)
 .literal.vPortYieldOtherCore
                0x0000000040080864        0x0 /home/wmt/myProj/esp32/myApp/build/freertos/libfreertos.a(port.o)
                                          0x4 (size before relaxing)
 .literal.vPortReleaseTaskMPUSettings
                0x0000000040080864        0x0 /home/wmt/myProj/esp32/myApp/build/freertos/libfreertos.a(port.o)
                                          0x4 (size before relaxing)
 .literal.xPortInIsrContext
                0x0000000040080864        0x0 /home/wmt/myProj/esp32/myApp/build/freertos/libfreertos.a(port.o)
                                          0x8 (size before relaxing)
 .literal.vPortCPUInitializeMutex
                0x0000000040080864        0x4 /home/wmt/myProj/esp32/myApp/build/freertos/libfreertos.a(port.o)
 .literal.vPortCPUAcquireMutex
                0x0000000040080868       0x1c /home/wmt/myProj/esp32/myApp/build/freertos/libfreertos.a(port.o)
                                         0x30 (size before relaxing)
 .literal.vPortCPUReleaseMutex
                0x0000000040080884       0x10 /home/wmt/myProj/esp32/myApp/build/freertos/libfreertos.a(port.o)
                                         0x28 (size before relaxing)
 .literal.prvResetNextTaskUnblockTime
                0x0000000040080894        0x8 /home/wmt/myProj/esp32/myApp/build/freertos/libfreertos.a(tasks.o)
 .literal.prvDeleteTLS
                0x000000004008089c       0x10 /home/wmt/myProj/esp32/myApp/build/freertos/libfreertos.a(tasks.o)
                                         0x18 (size before relaxing)
 .literal.prvInitialiseNewTask
                0x00000000400808ac        0x0 /home/wmt/myProj/esp32/myApp/build/freertos/libfreertos.a(tasks.o)
                                         0x18 (size before relaxing)
 .literal.prvInitialiseTaskLists
                0x00000000400808ac       0x20 /home/wmt/myProj/esp32/myApp/build/freertos/libfreertos.a(tasks.o)
                                         0x40 (size before relaxing)
 .literal.prvDeleteTCB
                0x00000000400808cc        0x8 /home/wmt/myProj/esp32/myApp/build/freertos/libfreertos.a(tasks.o)
                                         0x2c (size before relaxing)
 .literal.prvAddCurrentTaskToDelayedList
                0x00000000400808d4        0x4 /home/wmt/myProj/esp32/myApp/build/freertos/libfreertos.a(tasks.o)
                                         0x1c (size before relaxing)
 .literal.taskYIELD_OTHER_CORE
                0x00000000400808d8        0x0 /home/wmt/myProj/esp32/myApp/build/freertos/libfreertos.a(tasks.o)
                                         0x10 (size before relaxing)
 .literal.vTaskSuspendAll
                0x00000000400808d8        0x4 /home/wmt/myProj/esp32/myApp/build/freertos/libfreertos.a(tasks.o)
                                          0x8 (size before relaxing)
 .literal.xTaskGetIdleTaskHandleForCPU
                0x00000000400808dc        0xc /home/wmt/myProj/esp32/myApp/build/freertos/libfreertos.a(tasks.o)
                                         0x1c (size before relaxing)
 .literal.vTaskSwitchContext
                0x00000000400808e8       0x18 /home/wmt/myProj/esp32/myApp/build/freertos/libfreertos.a(tasks.o)
                                         0x3c (size before relaxing)
 .literal.vTaskSetTimeOutState
                0x0000000040080900        0xc /home/wmt/myProj/esp32/myApp/build/freertos/libfreertos.a(tasks.o)
                                         0x20 (size before relaxing)
 .literal.xTaskGetCurrentTaskHandle
                0x000000004008090c        0x0 /home/wmt/myProj/esp32/myApp/build/freertos/libfreertos.a(tasks.o)
                                          0x8 (size before relaxing)
 .literal.__getreent
                0x000000004008090c        0x0 /home/wmt/myProj/esp32/myApp/build/freertos/libfreertos.a(tasks.o)
                                          0x8 (size before relaxing)
 .literal.pcTaskGetTaskName
                0x000000004008090c        0x8 /home/wmt/myProj/esp32/myApp/build/freertos/libfreertos.a(tasks.o)
                                         0x1c (size before relaxing)
 .literal.xTaskGetAffinity
                0x0000000040080914        0x0 /home/wmt/myProj/esp32/myApp/build/freertos/libfreertos.a(tasks.o)
                                          0x4 (size before relaxing)
 .literal.xTaskGetCurrentTaskHandleForCPU
                0x0000000040080914        0x0 /home/wmt/myProj/esp32/myApp/build/freertos/libfreertos.a(tasks.o)
                                          0x4 (size before relaxing)
 .literal.xTaskGetSchedulerState
                0x0000000040080914        0x4 /home/wmt/myProj/esp32/myApp/build/freertos/libfreertos.a(tasks.o)
                                          0xc (size before relaxing)
 .literal.vTaskEnterCritical
                0x0000000040080918       0x14 /home/wmt/myProj/esp32/myApp/build/freertos/libfreertos.a(tasks.o)
                                         0x34 (size before relaxing)
 .literal.vTaskExitCritical
                0x000000004008092c       0x10 /home/wmt/myProj/esp32/myApp/build/freertos/libfreertos.a(tasks.o)
                                         0x30 (size before relaxing)
 .literal.prvAddNewTaskToReadyList
                0x000000004008093c       0x10 /home/wmt/myProj/esp32/myApp/build/freertos/libfreertos.a(tasks.o)
                                         0x58 (size before relaxing)
 .literal.xTaskCreatePinnedToCore
                0x000000004008094c        0x0 /home/wmt/myProj/esp32/myApp/build/freertos/libfreertos.a(tasks.o)
                                         0x18 (size before relaxing)
 .literal.vTaskStartScheduler
                0x000000004008094c       0x10 /home/wmt/myProj/esp32/myApp/build/freertos/libfreertos.a(tasks.o)
                                         0x38 (size before relaxing)
 .literal.vTaskDelete
                0x000000004008095c        0x8 /home/wmt/myProj/esp32/myApp/build/freertos/libfreertos.a(tasks.o)
                                         0x60 (size before relaxing)
 .literal.vTaskDelay
                0x0000000040080964        0x4 /home/wmt/myProj/esp32/myApp/build/freertos/libfreertos.a(tasks.o)
                                         0x38 (size before relaxing)
 .literal.prvCheckTasksWaitingTermination
                0x0000000040080968        0x8 /home/wmt/myProj/esp32/myApp/build/freertos/libfreertos.a(tasks.o)
                                         0x30 (size before relaxing)
 .literal.prvIdleTask
                0x0000000040080970        0x0 /home/wmt/myProj/esp32/myApp/build/freertos/libfreertos.a(tasks.o)
                                          0x8 (size before relaxing)
 .literal.xTaskGetTickCount
                0x0000000040080970        0x4 /home/wmt/myProj/esp32/myApp/build/freertos/libfreertos.a(tasks.o)
                                         0x10 (size before relaxing)
 .literal.xTaskIncrementTick
                0x0000000040080974        0xc /home/wmt/myProj/esp32/myApp/build/freertos/libfreertos.a(tasks.o)
                                         0x78 (size before relaxing)
 .literal.xTaskResumeAll
                0x0000000040080980        0x8 /home/wmt/myProj/esp32/myApp/build/freertos/libfreertos.a(tasks.o)
                                         0x5c (size before relaxing)
 .literal.vTaskPlaceOnEventList
                0x0000000040080988        0x8 /home/wmt/myProj/esp32/myApp/build/freertos/libfreertos.a(tasks.o)
                                         0x40 (size before relaxing)
 .literal.vTaskPlaceOnEventListRestricted
                0x0000000040080990        0x8 /home/wmt/myProj/esp32/myApp/build/freertos/libfreertos.a(tasks.o)
                                         0x38 (size before relaxing)
 .literal.xTaskRemoveFromEventList
                0x0000000040080998        0x8 /home/wmt/myProj/esp32/myApp/build/freertos/libfreertos.a(tasks.o)
                                         0x58 (size before relaxing)
 .literal.xTaskCheckForTimeOut
                0x00000000400809a0        0xc /home/wmt/myProj/esp32/myApp/build/freertos/libfreertos.a(tasks.o)
                                         0x3c (size before relaxing)
 .literal.vTaskPriorityInherit
                0x00000000400809ac        0x0 /home/wmt/myProj/esp32/myApp/build/freertos/libfreertos.a(tasks.o)
                                         0x2c (size before relaxing)
 .literal.xTaskPriorityDisinherit
                0x00000000400809ac        0x8 /home/wmt/myProj/esp32/myApp/build/freertos/libfreertos.a(tasks.o)
                                         0x40 (size before relaxing)
 .literal.pvTaskIncrementMutexHeldCount
                0x00000000400809b4        0x0 /home/wmt/myProj/esp32/myApp/build/freertos/libfreertos.a(tasks.o)
                                         0x10 (size before relaxing)
 .literal.prvGetNextExpireTime
                0x00000000400809b4        0x4 /home/wmt/myProj/esp32/myApp/build/freertos/libfreertos.a(timers.o)
 .literal.prvInsertTimerInActiveList
                0x00000000400809b8        0x4 /home/wmt/myProj/esp32/myApp/build/freertos/libfreertos.a(timers.o)
                                         0x10 (size before relaxing)
 .literal.prvCheckForValidListAndQueue
                0x00000000400809bc       0x1c /home/wmt/myProj/esp32/myApp/build/freertos/libfreertos.a(timers.o)
                                         0x44 (size before relaxing)
 .literal.xTimerCreateTimerTask
                0x00000000400809d8       0x10 /home/wmt/myProj/esp32/myApp/build/freertos/libfreertos.a(timers.o)
                                         0x2c (size before relaxing)
 .literal.xTimerGenericCommand
                0x00000000400809e8        0x0 /home/wmt/myProj/esp32/myApp/build/freertos/libfreertos.a(timers.o)
                                         0x14 (size before relaxing)
 .literal.prvSwitchTimerLists
                0x00000000400809e8        0x4 /home/wmt/myProj/esp32/myApp/build/freertos/libfreertos.a(timers.o)
                                         0x28 (size before relaxing)
 .literal.prvSampleTimeNow
                0x00000000400809ec        0x4 /home/wmt/myProj/esp32/myApp/build/freertos/libfreertos.a(timers.o)
                                          0xc (size before relaxing)
 .literal.prvProcessExpiredTimer
                0x00000000400809f0        0x4 /home/wmt/myProj/esp32/myApp/build/freertos/libfreertos.a(timers.o)
                                         0x24 (size before relaxing)
 .literal.prvProcessTimerOrBlockTask
                0x00000000400809f4        0x0 /home/wmt/myProj/esp32/myApp/build/freertos/libfreertos.a(timers.o)
                                         0x24 (size before relaxing)
 .literal.prvProcessReceivedCommands
                0x00000000400809f4        0x8 /home/wmt/myProj/esp32/myApp/build/freertos/libfreertos.a(timers.o)
                                         0x40 (size before relaxing)
 .literal.prvTimerTask
                0x00000000400809fc        0x0 /home/wmt/myProj/esp32/myApp/build/freertos/libfreertos.a(timers.o)
                                          0xc (size before relaxing)
 .literal       0x00000000400809fc        0x0 /home/wmt/myProj/esp32/myApp/build/freertos/libfreertos.a(xtensa_context.o)
                                         0x10 (size before relaxing)
 .literal       0x00000000400809fc       0x10 /home/wmt/myProj/esp32/myApp/build/freertos/libfreertos.a(portasm.o)
                                         0x54 (size before relaxing)
 .literal._xt_tick_divisor_init
                0x0000000040080a0c        0x4 /home/wmt/myProj/esp32/myApp/build/freertos/libfreertos.a(xtensa_init.o)
                                          0xc (size before relaxing)
 .literal.get_prev_free_block
                0x0000000040080a10       0x10 /home/wmt/myProj/esp32/myApp/build/heap/libheap.a(multi_heap.o)
                                         0x28 (size before relaxing)
 .literal.split_if_necessary
                0x0000000040080a20        0x8 /home/wmt/myProj/esp32/myApp/build/heap/libheap.a(multi_heap.o)
                                         0x38 (size before relaxing)
 .literal.assert_valid_block
                0x0000000040080a28        0x8 /home/wmt/myProj/esp32/myApp/build/heap/libheap.a(multi_heap.o)
                                         0x2c (size before relaxing)
 .literal.merge_adjacent
                0x0000000040080a30        0x8 /home/wmt/myProj/esp32/myApp/build/heap/libheap.a(multi_heap.o)
                                         0x4c (size before relaxing)
 .literal.multi_heap_get_allocated_size_impl
                0x0000000040080a38        0x0 /home/wmt/myProj/esp32/myApp/build/heap/libheap.a(multi_heap.o)
                                         0x10 (size before relaxing)
 .literal.multi_heap_malloc_impl
                0x0000000040080a38        0x0 /home/wmt/myProj/esp32/myApp/build/heap/libheap.a(multi_heap.o)
                                         0x28 (size before relaxing)
 .literal.multi_heap_free_impl
                0x0000000040080a38        0x0 /home/wmt/myProj/esp32/myApp/build/heap/libheap.a(multi_heap.o)
                                         0x50 (size before relaxing)
 .literal.multi_heap_realloc_impl
                0x0000000040080a38        0x8 /home/wmt/myProj/esp32/myApp/build/heap/libheap.a(multi_heap.o)
                                         0x68 (size before relaxing)
 .literal.panicPutChar
                0x0000000040080a40        0x8 /home/wmt/myProj/esp32/myApp/build/esp32/libesp32.a(panic.o)
 .literal.panicPutStr
                0x0000000040080a48        0x0 /home/wmt/myProj/esp32/myApp/build/esp32/libesp32.a(panic.o)
                                          0x4 (size before relaxing)
 .literal.panicPutHex
                0x0000000040080a48        0x0 /home/wmt/myProj/esp32/myApp/build/esp32/libesp32.a(panic.o)
                                          0x8 (size before relaxing)
 .literal.panicPutDec
                0x0000000040080a48        0x4 /home/wmt/myProj/esp32/myApp/build/esp32/libesp32.a(panic.o)
                                         0x10 (size before relaxing)
 .literal.reconfigureAllWdts
                0x0000000040080a4c       0x10 /home/wmt/myProj/esp32/myApp/build/esp32/libesp32.a(panic.o)
                                         0x24 (size before relaxing)
 .literal.putEntry
                0x0000000040080a5c       0x10 /home/wmt/myProj/esp32/myApp/build/esp32/libesp32.a(panic.o)
                                         0x20 (size before relaxing)
 .literal.doBacktrace
                0x0000000040080a6c       0x10 /home/wmt/myProj/esp32/myApp/build/esp32/libesp32.a(panic.o)
                                         0x24 (size before relaxing)
 .literal.invoke_abort
                0x0000000040080a7c        0x4 /home/wmt/myProj/esp32/myApp/build/esp32/libesp32.a(panic.o)
                                          0x8 (size before relaxing)
 .literal.haltOtherCore
                0x0000000040080a80        0x0 /home/wmt/myProj/esp32/myApp/build/esp32/libesp32.a(panic.o)
                                          0x4 (size before relaxing)
 .literal.esp_panic_wdt_start
                0x0000000040080a80       0x14 /home/wmt/myProj/esp32/myApp/build/esp32/libesp32.a(panic.o)
                                         0x2c (size before relaxing)
 .literal.commonErrorHandler_dump
                0x0000000040080a94       0x30 /home/wmt/myProj/esp32/myApp/build/esp32/libesp32.a(panic.o)
                                         0x90 (size before relaxing)
 .literal.esp_panic_dig_reset
                0x0000000040080ac4        0x0 /home/wmt/myProj/esp32/myApp/build/esp32/libesp32.a(panic.o)
                                         0x14 (size before relaxing)
 .literal.abort
                0x0000000040080ac4        0x8 /home/wmt/myProj/esp32/myApp/build/esp32/libesp32.a(panic.o)
                                         0x10 (size before relaxing)
 .literal.vApplicationStackOverflowHook
                0x0000000040080acc        0x8 /home/wmt/myProj/esp32/myApp/build/esp32/libesp32.a(panic.o)
                                         0x18 (size before relaxing)
 .literal.esp_panic_wdt_stop
                0x0000000040080ad4        0x0 /home/wmt/myProj/esp32/myApp/build/esp32/libesp32.a(panic.o)
                                         0x18 (size before relaxing)
 .literal.commonErrorHandler
                0x0000000040080ad4        0x4 /home/wmt/myProj/esp32/myApp/build/esp32/libesp32.a(panic.o)
                                         0x28 (size before relaxing)
 .literal.panicHandler
                0x0000000040080ad8       0x34 /home/wmt/myProj/esp32/myApp/build/esp32/libesp32.a(panic.o)
                                         0xa4 (size before relaxing)
 .literal.xt_unhandled_exception
                0x0000000040080b0c       0x14 /home/wmt/myProj/esp32/myApp/build/esp32/libesp32.a(panic.o)
                                         0x60 (size before relaxing)
 .literal._esp_error_check_failed
                0x0000000040080b20        0xc /home/wmt/myProj/esp32/myApp/build/esp32/libesp32.a(panic.o)
                                         0x1c (size before relaxing)
 .literal.rtc_clk_cal_internal
                0x0000000040080b2c       0x24 /home/wmt/myProj/esp32/myApp/build/soc/libsoc.a(rtc_time.o)
                                         0x3c (size before relaxing)
 .literal.rtc_clk_cal
                0x0000000040080b50        0x0 /home/wmt/myProj/esp32/myApp/build/soc/libsoc.a(rtc_time.o)
                                          0xc (size before relaxing)
 .literal.rtc_time_get
                0x0000000040080b50       0x10 /home/wmt/myProj/esp32/myApp/build/soc/libsoc.a(rtc_time.o)
                                         0x18 (size before relaxing)
 .literal.rtc_clk_wait_for_slow_cycle
                0x0000000040080b60        0x8 /home/wmt/myProj/esp32/myApp/build/soc/libsoc.a(rtc_time.o)
                                         0x20 (size before relaxing)
 .literal.rtc_init
                0x0000000040080b68       0x94 /home/wmt/myProj/esp32/myApp/build/soc/libsoc.a(rtc_init.o)
                                        0x100 (size before relaxing)
 .literal.rtc_clk_32k_enable_internal
                0x0000000040080bfc       0x14 /home/wmt/myProj/esp32/myApp/build/soc/libsoc.a(rtc_clk.o)
 .literal.rtc_clk_32k_enable
                0x0000000040080c10        0x0 /home/wmt/myProj/esp32/myApp/build/soc/libsoc.a(rtc_clk.o)
                                          0xc (size before relaxing)
 .literal.rtc_clk_slow_freq_set
                0x0000000040080c10        0x0 /home/wmt/myProj/esp32/myApp/build/soc/libsoc.a(rtc_clk.o)
                                          0xc (size before relaxing)
 .literal.rtc_clk_slow_freq_get
                0x0000000040080c10        0x0 /home/wmt/myProj/esp32/myApp/build/soc/libsoc.a(rtc_clk.o)
                                          0x4 (size before relaxing)
 .literal.rtc_clk_slow_freq_get_hz
                0x0000000040080c10        0x0 /home/wmt/myProj/esp32/myApp/build/soc/libsoc.a(rtc_clk.o)
                                         0x10 (size before relaxing)
 .literal.rtc_clk_fast_freq_set
                0x0000000040080c10        0x0 /home/wmt/myProj/esp32/myApp/build/soc/libsoc.a(rtc_clk.o)
                                          0xc (size before relaxing)
 .literal.rtc_clk_bbpll_set
                0x0000000040080c10        0x8 /home/wmt/myProj/esp32/myApp/build/soc/libsoc.a(rtc_clk.o)
                                         0x38 (size before relaxing)
 .literal.rtc_clk_xtal_freq_get
                0x0000000040080c18        0xc /home/wmt/myProj/esp32/myApp/build/soc/libsoc.a(rtc_clk.o)
                                         0x1c (size before relaxing)
 .literal.rtc_clk_cpu_freq_get
                0x0000000040080c24       0x14 /home/wmt/myProj/esp32/myApp/build/soc/libsoc.a(rtc_clk.o)
                                         0x30 (size before relaxing)
 .literal.rtc_clk_cpu_freq_value
                0x0000000040080c38       0x1c /home/wmt/myProj/esp32/myApp/build/soc/libsoc.a(rtc_clk.o)
                                         0x2c (size before relaxing)
 .literal.rtc_clk_apb_freq_update
                0x0000000040080c54        0x4 /home/wmt/myProj/esp32/myApp/build/soc/libsoc.a(rtc_clk.o)
                                          0x8 (size before relaxing)
 .literal.rtc_clk_cpu_freq_set
                0x0000000040080c58       0x14 /home/wmt/myProj/esp32/myApp/build/soc/libsoc.a(rtc_clk.o)
                                         0x98 (size before relaxing)
 .literal.rtc_clk_apb_freq_get
                0x0000000040080c6c        0x8 /home/wmt/myProj/esp32/myApp/build/soc/libsoc.a(rtc_clk.o)
                                         0x14 (size before relaxing)
 .literal       0x0000000040080c74        0x0 /home/wmt/myProj/esp32/esp-idf/components/esp32/libhal.a(windowspill_asm.o)
                                          0x4 (size before relaxing)
 .literal.esp_rom_spiflash_read_status
                0x0000000040080c74       0x10 /home/wmt/myProj/esp32/myApp/build/spi_flash/libspi_flash.a(spi_flash_rom_patch.o)
                                         0x14 (size before relaxing)
 .literal.esp_rom_spiflash_wait_idle
                0x0000000040080c84        0x8 /home/wmt/myProj/esp32/myApp/build/spi_flash/libspi_flash.a(spi_flash_rom_patch.o)
                                          0xc (size before relaxing)
 .literal.esp_rom_spiflash_erase_block_internal
                0x0000000040080c8c        0x4 /home/wmt/myProj/esp32/myApp/build/spi_flash/libspi_flash.a(spi_flash_rom_patch.o)
                                         0x18 (size before relaxing)
 .literal.esp_rom_spiflash_erase_sector_internal
                0x0000000040080c90        0x0 /home/wmt/myProj/esp32/myApp/build/spi_flash/libspi_flash.a(spi_flash_rom_patch.o)
                                         0x18 (size before relaxing)
 .literal.esp_rom_spiflash_read_data
                0x0000000040080c90       0x18 /home/wmt/myProj/esp32/myApp/build/spi_flash/libspi_flash.a(spi_flash_rom_patch.o)
                                         0x34 (size before relaxing)
 .literal.esp_rom_spiflash_enable_write
                0x0000000040080ca8        0x0 /home/wmt/myProj/esp32/myApp/build/spi_flash/libspi_flash.a(spi_flash_rom_patch.o)
                                         0x10 (size before relaxing)
 .literal.esp_rom_spiflash_program_page_internal
                0x0000000040080ca8       0x10 /home/wmt/myProj/esp32/myApp/build/spi_flash/libspi_flash.a(spi_flash_rom_patch.o)
                                         0x40 (size before relaxing)
 .literal.esp_rom_spiflash_read_statushigh
                0x0000000040080cb8        0x4 /home/wmt/myProj/esp32/myApp/build/spi_flash/libspi_flash.a(spi_flash_rom_patch.o)
                                          0xc (size before relaxing)
 .literal.esp_rom_spiflash_write_status
                0x0000000040080cbc        0x4 /home/wmt/myProj/esp32/myApp/build/spi_flash/libspi_flash.a(spi_flash_rom_patch.o)
                                         0x14 (size before relaxing)
 .literal.esp_rom_spiflash_unlock
                0x0000000040080cc0        0x8 /home/wmt/myProj/esp32/myApp/build/spi_flash/libspi_flash.a(spi_flash_rom_patch.o)
                                         0x28 (size before relaxing)
 .literal.esp_rom_spiflash_erase_block
                0x0000000040080cc8        0xc /home/wmt/myProj/esp32/myApp/build/spi_flash/libspi_flash.a(spi_flash_rom_patch.o)
                                         0x20 (size before relaxing)
 .literal.esp_rom_spiflash_erase_sector
                0x0000000040080cd4        0x0 /home/wmt/myProj/esp32/myApp/build/spi_flash/libspi_flash.a(spi_flash_rom_patch.o)
                                         0x20 (size before relaxing)
 .literal.esp_rom_spiflash_write
                0x0000000040080cd4        0x0 /home/wmt/myProj/esp32/myApp/build/spi_flash/libspi_flash.a(spi_flash_rom_patch.o)
                                         0x28 (size before relaxing)
 .literal.esp_rom_spiflash_write_encrypted
                0x0000000040080cd4        0xc /home/wmt/myProj/esp32/myApp/build/spi_flash/libspi_flash.a(spi_flash_rom_patch.o)
                                         0x10 (size before relaxing)
 .literal.esp_rom_spiflash_read
                0x0000000040080ce0       0x30 /home/wmt/myProj/esp32/myApp/build/spi_flash/libspi_flash.a(spi_flash_rom_patch.o)
                                         0x5c (size before relaxing)
 .literal       0x0000000040080d10       0x10 /home/wmt/myProj/esp32/esp-idf/components/newlib/lib/libm.a(lib_a-s_fpclassify.o)
                                         0x18 (size before relaxing)
 .iram1         0x0000000040080d20      0x29e /home/wmt/myProj/esp32/myApp/build/esp32/libesp32.a(cpu_start.o)
                                        0x35e (size before relaxing)
                0x0000000040080d20                start_cpu0
                0x0000000040080d20                start_cpu0_default
                0x0000000040080df0                start_cpu1_default
                0x0000000040080df0                start_cpu1
                0x0000000040080e6c                call_start_cpu0
 *fill*         0x0000000040080fbe        0x2 
 .iram1         0x0000000040080fc0       0x37 /home/wmt/myProj/esp32/myApp/build/esp32/libesp32.a(clk.o)
                0x0000000040080fc0                esp_clk_cpu_freq
                0x0000000040080fd0                esp_clk_apb_freq
                0x0000000040080fe8                ets_update_cpu_frequency
 *fill*         0x0000000040080ff7        0x1 
 .iram1         0x0000000040080ff8       0xb0 /home/wmt/myProj/esp32/myApp/build/esp32/libesp32.a(crosscore_int.o)
                                         0xc0 (size before relaxing)
                0x0000000040081090                esp_crosscore_int_send_yield
                0x000000004008109c                esp_crosscore_int_send_freq_switch
 .iram1         0x00000000400810a8       0x3a /home/wmt/myProj/esp32/myApp/build/esp32/libesp32.a(cache_err_int.o)
                                         0x4a (size before relaxing)
                0x00000000400810a8                esp_cache_err_get_cpuid
 *fill*         0x00000000400810e2        0x2 
 .iram1         0x00000000400810e4       0x7f /home/wmt/myProj/esp32/myApp/build/esp32/libesp32.a(ipc.o)
                                         0x8b (size before relaxing)
 *fill*         0x0000000040081163        0x1 
 .iram1         0x0000000040081164      0x2b6 /home/wmt/myProj/esp32/myApp/build/esp32/libesp32.a(intr_alloc.o)
                                        0x2ce (size before relaxing)
                0x00000000400811a0                esp_intr_set_in_iram
                0x0000000040081228                esp_intr_enable
                0x00000000400812b0                esp_intr_disable
                0x0000000040081378                esp_intr_noniram_disable
                0x00000000400813c4                esp_intr_noniram_enable
                0x0000000040081404                ets_isr_unmask
                0x0000000040081410                ets_isr_mask
 *fill*         0x000000004008141a        0x2 
 .iram1         0x000000004008141c       0x53 /home/wmt/myProj/esp32/myApp/build/esp32/libesp32.a(int_wdt.o)
 *fill*         0x000000004008146f        0x1 
 .iram1         0x0000000040081470      0x1e5 /home/wmt/myProj/esp32/myApp/build/esp32/libesp32.a(esp_timer.o)
                                        0x1fd (size before relaxing)
                0x000000004008158c                esp_timer_stop
                0x00000000400815b0                esp_timer_get_time
                0x00000000400815c0                esp_timer_start_once
                0x0000000040081604                esp_timer_start_periodic
 *fill*         0x0000000040081655        0x3 
 .iram1         0x0000000040081658      0x197 /home/wmt/myProj/esp32/myApp/build/esp32/libesp32.a(dport_access.o)
                                        0x1a3 (size before relaxing)
                0x0000000040081658                esp_dport_access_stall_other_cpu_start
                0x0000000040081708                esp_dport_access_stall_other_cpu_end
                0x0000000040081784                esp_dport_access_stall_other_cpu_start_wrap
                0x000000004008178c                esp_dport_access_stall_other_cpu_end_wrap
                0x0000000040081794                esp_dport_access_int_pause
                0x00000000400817b8                esp_dport_access_int_abort
                0x00000000400817cc                esp_dport_access_int_resume
 *fill*         0x00000000400817ef        0x1 
 .iram1         0x00000000400817f0       0xda /home/wmt/myProj/esp32/myApp/build/esp32/libesp32.a(dport_panic_highint_hdl.o)
                0x00000000400817f0                xt_highint4
                0x00000000400818ca                ld_include_panic_highint_hdl
 *fill*         0x00000000400818ca        0x2 
 .iram1         0x00000000400818cc      0x1ed /home/wmt/myProj/esp32/myApp/build/esp32/libesp32.a(system_api.o)
                                        0x22c (size before relaxing)
                0x0000000040081944                esp_restart_noos
                0x0000000040081a98                esp_restart
                0x0000000040081a98                system_restart
 *fill*         0x0000000040081ab9        0x3 
 .iram1         0x0000000040081abc      0x447 /home/wmt/myProj/esp32/myApp/build/esp32/libesp32.a(esp_timer_esp32.o)
                                        0x453 (size before relaxing)
                0x0000000040081b70                esp_timer_impl_get_time
                0x0000000040081ca0                esp_timer_impl_set_alarm
                0x0000000040081e40                esp_timer_impl_update_apb_freq
                0x0000000040081ef8                esp_timer_impl_get_min_period_us
 *fill*         0x0000000040081f03        0x1 
 .iram1         0x0000000040081f04       0x27 /home/wmt/myProj/esp32/myApp/build/esp32/libesp32.a(freertos_hooks.o)
                0x0000000040081f04                esp_vApplicationTickHook
 *fill*         0x0000000040081f2b        0x1 
 .iram1         0x0000000040081f2c       0x1a /home/wmt/myProj/esp32/myApp/build/freertos/libfreertos.a(port.o)
                0x0000000040081f2c                xPortInterruptedFromISRContext
 *fill*         0x0000000040081f46        0x2 
 .iram1         0x0000000040081f48      0x4b4 /home/wmt/myProj/esp32/myApp/build/freertos/libfreertos.a(xtensa_vectors.o)
                0x0000000040081f48                _xt_panic
                0x0000000040082060                _xt_user_exit
                0x000000004008234c                _xt_medint2_exit
                0x00000000400823e8                _xt_medint3_exit
 .iram1         0x00000000400823fc      0x3dd /home/wmt/myProj/esp32/myApp/build/heap/libheap.a(heap_caps.o)
                                        0x3f5 (size before relaxing)
                0x000000004008248c                heap_caps_malloc
                0x0000000040082528                heap_caps_malloc_default
                0x000000004008256c                heap_caps_malloc_prefer
                0x00000000400825c4                heap_caps_free
                0x00000000400825fc                heap_caps_realloc
                0x00000000400826a8                heap_caps_realloc_default
                0x0000000040082700                heap_caps_realloc_prefer
                0x0000000040082764                heap_caps_calloc
                0x0000000040082784                heap_caps_calloc_prefer
 *fill*         0x00000000400827d9        0x3 
 .iram1         0x00000000400827dc      0x18a /home/wmt/myProj/esp32/myApp/build/log/liblog.a(log.o)
                                        0x19a (size before relaxing)
                0x00000000400827dc                esp_log_write
                0x000000004008290c                esp_log_early_timestamp
                0x0000000040082928                esp_log_timestamp
 *fill*         0x0000000040082966        0x2 
 .iram1         0x0000000040082968       0x6c /home/wmt/myProj/esp32/myApp/build/newlib/libnewlib.a(time.o)
                                         0x74 (size before relaxing)
                0x0000000040082968                _gettimeofday_r
                0x00000000400829ac                _times_r
 .iram1         0x00000000400829d4       0x3c /home/wmt/myProj/esp32/myApp/build/newlib/libnewlib.a(reent_init.o)
                0x00000000400829d4                esp_reent_init
 .iram1         0x0000000040082a10       0x4a /home/wmt/myProj/esp32/myApp/build/newlib/libnewlib.a(syscalls.o)
                                         0x52 (size before relaxing)
                0x0000000040082a10                _malloc_r
                0x0000000040082a1c                _free_r
                0x0000000040082a28                _realloc_r
                0x0000000040082a3c                _calloc_r
 *fill*         0x0000000040082a5a        0x2 
 .iram1         0x0000000040082a5c      0x1cc /home/wmt/myProj/esp32/myApp/build/newlib/libnewlib.a(locks.o)
                                        0x210 (size before relaxing)
                0x0000000040082b74                _lock_init
                0x0000000040082b84                _lock_init_recursive
                0x0000000040082b94                _lock_close
                0x0000000040082bd0                _lock_acquire
                0x0000000040082be0                _lock_acquire_recursive
                0x0000000040082bf0                _lock_try_acquire
                0x0000000040082c00                _lock_try_acquire_recursive
                0x0000000040082c10                _lock_release
                0x0000000040082c1c                _lock_release_recursive
 .iram1         0x0000000040082c28      0x11a /home/wmt/myProj/esp32/myApp/build/soc/libsoc.a(cpu_util.o)
                0x0000000040082c28                esp_cpu_stall
                0x0000000040082cbc                esp_cpu_unstall
                0x0000000040082d10                esp_cpu_reset
                0x0000000040082d34                esp_cpu_in_ocd_debug_mode
 *fill*         0x0000000040082d42        0x2 
 .iram1         0x0000000040082d44      0x334 /home/wmt/myProj/esp32/myApp/build/spi_flash/libspi_flash.a(cache_utils.o)
                                        0x39c (size before relaxing)
                0x0000000040082dc0                spi_flash_op_block_func
                0x0000000040082e98                spi_flash_disable_interrupts_caches_and_other_cpu
                0x0000000040082f64                spi_flash_enable_interrupts_caches_and_other_cpu
                0x0000000040082ffc                spi_flash_disable_interrupts_caches_and_other_cpu_no_os
                0x0000000040083028                spi_flash_enable_interrupts_caches_no_os
                0x0000000040083044                spi_flash_cache_enabled
 .iram1         0x0000000040083078      0x722 /home/wmt/myProj/esp32/myApp/build/spi_flash/libspi_flash.a(flash_ops.o)
                                        0x74a (size before relaxing)
                0x00000000400830e8                spi_flash_guard_set
                0x00000000400830f4                spi_flash_guard_get
                0x0000000040083100                spi_flash_get_chip_size
                0x000000004008310c                spi_flash_erase_range
                0x00000000400831c4                spi_flash_erase_sector
                0x00000000400831e8                spi_flash_write
                0x00000000400833b0                spi_flash_read
                0x0000000040083648                spi_flash_read_encrypted
                0x0000000040083690                spi_flash_write_encrypted
 *fill*         0x000000004008379a        0x2 
 .iram1         0x000000004008379c      0x480 /home/wmt/myProj/esp32/myApp/build/spi_flash/libspi_flash.a(flash_mmap.o)
                                        0x4b0 (size before relaxing)
                0x00000000400838a0                spi_flash_mmap_pages
                0x0000000040083abc                spi_flash_mmap
                0x0000000040083b28                spi_flash_munmap
                0x0000000040083bd4                spi_flash_mark_modified_region
 *fill*         0x0000000040083c1c        0x0 
 *fill*         0x0000000040083c1c        0x0 
 *fill*         0x0000000040083c1c        0x0 
 *fill*         0x0000000040083c1c        0x0 
 *fill*         0x0000000040083c1c        0x0 
 *fill*         0x0000000040083c1c        0x0 
 *fill*         0x0000000040083c1c        0x0 
 *fill*         0x0000000040083c1c        0x0 
 *fill*         0x0000000040083c1c        0x0 
 *fill*         0x0000000040083c1c        0x0 
 *fill*         0x0000000040083c1c        0x0 
 *fill*         0x0000000040083c1c        0x0 
 .iram1         0x0000000040083c1c       0x2e /home/wmt/myProj/esp32/myApp/build/freertos/libfreertos.a(xtensa_vector_defaults.o)
                0x0000000040083c1c                xt_debugexception
                0x0000000040083c3c                xt_highint5
                0x0000000040083c44                _xt_nmi
                0x0000000040083c44                xt_nmi
 *fill*         0x0000000040083c4a        0x0 
 *fill*         0x0000000040083c4a        0x0 
 *fill*         0x0000000040083c4a        0x0 
 *fill*         0x0000000040083c4a        0x0 
 *fill*         0x0000000040083c4a        0x0 
 *fill*         0x0000000040083c4a        0x0 
 *libfreertos.a:(.literal .text .literal.* .text.*)
 *fill*         0x0000000040083c4a        0x2 
 .text.xt_unhandled_interrupt
                0x0000000040083c4c       0x16 /home/wmt/myProj/esp32/myApp/build/freertos/libfreertos.a(xtensa_intr.o)
                0x0000000040083c4c                xt_unhandled_interrupt
 *fill*         0x0000000040083c62        0x2 
 .text.xt_set_interrupt_handler
                0x0000000040083c64       0x46 /home/wmt/myProj/esp32/myApp/build/freertos/libfreertos.a(xtensa_intr.o)
                0x0000000040083c64                xt_set_interrupt_handler
 *fill*         0x0000000040083caa        0x2 
 .text.prvIsQueueFull
                0x0000000040083cac       0x2a /home/wmt/myProj/esp32/myApp/build/freertos/libfreertos.a(queue.o)
 *fill*         0x0000000040083cd6        0x2 
 .text.prvCopyDataToQueue
                0x0000000040083cd8       0x9e /home/wmt/myProj/esp32/myApp/build/freertos/libfreertos.a(queue.o)
 *fill*         0x0000000040083d76        0x2 
 .text.prvNotifyQueueSetContainer
                0x0000000040083d78       0x6a /home/wmt/myProj/esp32/myApp/build/freertos/libfreertos.a(queue.o)
                                         0x76 (size before relaxing)
 *fill*         0x0000000040083de2        0x2 
 .text.prvCopyDataFromQueue
                0x0000000040083de4       0x24 /home/wmt/myProj/esp32/myApp/build/freertos/libfreertos.a(queue.o)
 .text.xQueueGenericReset
                0x0000000040083e08       0x86 /home/wmt/myProj/esp32/myApp/build/freertos/libfreertos.a(queue.o)
                                         0x96 (size before relaxing)
                0x0000000040083e08                xQueueGenericReset
 *fill*         0x0000000040083e8e        0x2 
 .text.prvInitialiseNewQueue
                0x0000000040083e90       0x1f /home/wmt/myProj/esp32/myApp/build/freertos/libfreertos.a(queue.o)
                                         0x23 (size before relaxing)
 *fill*         0x0000000040083eaf        0x1 
 .text.xQueueGenericCreate
                0x0000000040083eb0       0x49 /home/wmt/myProj/esp32/myApp/build/freertos/libfreertos.a(queue.o)
                                         0x4d (size before relaxing)
                0x0000000040083eb0                xQueueGenericCreate
 *fill*         0x0000000040083ef9        0x3 
 .text.xQueueGetMutexHolder
                0x0000000040083efc       0x23 /home/wmt/myProj/esp32/myApp/build/freertos/libfreertos.a(queue.o)
                0x0000000040083efc                xQueueGetMutexHolder
 *fill*         0x0000000040083f1f        0x1 
 .text.xQueueCreateCountingSemaphore
                0x0000000040083f20       0x66 /home/wmt/myProj/esp32/myApp/build/freertos/libfreertos.a(queue.o)
                                         0x6a (size before relaxing)
                0x0000000040083f20                xQueueCreateCountingSemaphore
 *fill*         0x0000000040083f86        0x2 
 .text.xQueueGenericSend
                0x0000000040083f88      0x158 /home/wmt/myProj/esp32/myApp/build/freertos/libfreertos.a(queue.o)
                                        0x18c (size before relaxing)
                0x0000000040083f88                xQueueGenericSend
 .text.prvInitialiseMutex
                0x00000000400840e0       0x22 /home/wmt/myProj/esp32/myApp/build/freertos/libfreertos.a(queue.o)
                                         0x26 (size before relaxing)
 *fill*         0x0000000040084102        0x2 
 .text.xQueueCreateMutex
                0x0000000040084104       0x16 /home/wmt/myProj/esp32/myApp/build/freertos/libfreertos.a(queue.o)
                                         0x1a (size before relaxing)
                0x0000000040084104                xQueueCreateMutex
 *fill*         0x000000004008411a        0x2 
 .text.xQueueGiveMutexRecursive
                0x000000004008411c       0x48 /home/wmt/myProj/esp32/myApp/build/freertos/libfreertos.a(queue.o)
                                         0x4c (size before relaxing)
                0x000000004008411c                xQueueGiveMutexRecursive
 .text.xQueueGenericSendFromISR
                0x0000000040084164       0xd6 /home/wmt/myProj/esp32/myApp/build/freertos/libfreertos.a(queue.o)
                                         0xe6 (size before relaxing)
                0x0000000040084164                xQueueGenericSendFromISR
 *fill*         0x000000004008423a        0x2 
 .text.xQueueGiveFromISR
                0x000000004008423c       0xb6 /home/wmt/myProj/esp32/myApp/build/freertos/libfreertos.a(queue.o)
                                         0xc2 (size before relaxing)
                0x000000004008423c                xQueueGiveFromISR
 *fill*         0x00000000400842f2        0x2 
 .text.xQueueGenericReceive
                0x00000000400842f4      0x144 /home/wmt/myProj/esp32/myApp/build/freertos/libfreertos.a(queue.o)
                                        0x178 (size before relaxing)
                0x00000000400842f4                xQueueGenericReceive
 .text.xQueueTakeMutexRecursive
                0x0000000040084438       0x51 /home/wmt/myProj/esp32/myApp/build/freertos/libfreertos.a(queue.o)
                0x0000000040084438                xQueueTakeMutexRecursive
 *fill*         0x0000000040084489        0x3 
 .text.xQueueReceiveFromISR
                0x000000004008448c       0x96 /home/wmt/myProj/esp32/myApp/build/freertos/libfreertos.a(queue.o)
                                         0xa6 (size before relaxing)
                0x000000004008448c                xQueueReceiveFromISR
 *fill*         0x0000000040084522        0x2 
 .text.vQueueDelete
                0x0000000040084524       0x28 /home/wmt/myProj/esp32/myApp/build/freertos/libfreertos.a(queue.o)
                0x0000000040084524                vQueueDelete
 .text.vQueueWaitForMessageRestricted
                0x000000004008454c       0x23 /home/wmt/myProj/esp32/myApp/build/freertos/libfreertos.a(queue.o)
                                         0x2a (size before relaxing)
                0x000000004008454c                vQueueWaitForMessageRestricted
 *fill*         0x000000004008456f        0x1 
 .text.pxPortInitialiseStack
                0x0000000040084570       0x86 /home/wmt/myProj/esp32/myApp/build/freertos/libfreertos.a(port.o)
                0x0000000040084570                pxPortInitialiseStack
 *fill*         0x00000000400845f6        0x2 
 .text.xPortStartScheduler
                0x00000000400845f8       0x22 /home/wmt/myProj/esp32/myApp/build/freertos/libfreertos.a(port.o)
                                         0x2e (size before relaxing)
                0x00000000400845f8                xPortStartScheduler
 *fill*         0x000000004008461a        0x2 
 .text.xPortSysTickHandler
                0x000000004008461c       0x10 /home/wmt/myProj/esp32/myApp/build/freertos/libfreertos.a(port.o)
                                         0x16 (size before relaxing)
                0x000000004008461c                xPortSysTickHandler
 *fill*         0x000000004008462c        0x0 
 .text.vPortYieldOtherCore
                0x000000004008462c        0xa /home/wmt/myProj/esp32/myApp/build/freertos/libfreertos.a(port.o)
                                          0xe (size before relaxing)
                0x000000004008462c                vPortYieldOtherCore
 *fill*         0x0000000040084636        0x2 
 .text.vPortReleaseTaskMPUSettings
                0x0000000040084638        0xa /home/wmt/myProj/esp32/myApp/build/freertos/libfreertos.a(port.o)
                                          0xe (size before relaxing)
                0x0000000040084638                vPortReleaseTaskMPUSettings
 *fill*         0x0000000040084642        0x2 
 .text.xPortInIsrContext
                0x0000000040084644       0x26 /home/wmt/myProj/esp32/myApp/build/freertos/libfreertos.a(port.o)
                0x0000000040084644                xPortInIsrContext
 *fill*         0x000000004008466a        0x2 
 .text.vPortCPUInitializeMutex
                0x000000004008466c        0xe /home/wmt/myProj/esp32/myApp/build/freertos/libfreertos.a(port.o)
                0x000000004008466c                vPortCPUInitializeMutex
 *fill*         0x000000004008467a        0x2 
 .text.vPortCPUAcquireMutex
                0x000000004008467c       0x81 /home/wmt/myProj/esp32/myApp/build/freertos/libfreertos.a(port.o)
                                         0x88 (size before relaxing)
                0x000000004008467c                vPortCPUAcquireMutex
 *fill*         0x00000000400846fd        0x3 
 .text.vPortCPUReleaseMutex
                0x0000000040084700       0x59 /home/wmt/myProj/esp32/myApp/build/freertos/libfreertos.a(port.o)
                                         0x61 (size before relaxing)
                0x0000000040084700                vPortCPUReleaseMutex
 *fill*         0x0000000040084759        0x3 
 .text.prvResetNextTaskUnblockTime
                0x000000004008475c       0x34 /home/wmt/myProj/esp32/myApp/build/freertos/libfreertos.a(tasks.o)
 .text.prvDeleteTLS
                0x0000000040084790       0x40 /home/wmt/myProj/esp32/myApp/build/freertos/libfreertos.a(tasks.o)
 .text.prvInitialiseNewTask
                0x00000000400847d0       0xc4 /home/wmt/myProj/esp32/myApp/build/freertos/libfreertos.a(tasks.o)
                                         0xd0 (size before relaxing)
 .text.prvInitialiseTaskLists
                0x0000000040084894       0x5a /home/wmt/myProj/esp32/myApp/build/freertos/libfreertos.a(tasks.o)
                                         0x6e (size before relaxing)
 *fill*         0x00000000400848ee        0x2 
 .text.prvDeleteTCB
                0x00000000400848f0       0x56 /home/wmt/myProj/esp32/myApp/build/freertos/libfreertos.a(tasks.o)
                                         0x5d (size before relaxing)
 *fill*         0x0000000040084946        0x2 
 .text.prvAddCurrentTaskToDelayedList
                0x0000000040084948       0x66 /home/wmt/myProj/esp32/myApp/build/freertos/libfreertos.a(tasks.o)
                                         0x6a (size before relaxing)
 *fill*         0x00000000400849ae        0x2 
 .text.taskYIELD_OTHER_CORE
                0x00000000400849b0       0x53 /home/wmt/myProj/esp32/myApp/build/freertos/libfreertos.a(tasks.o)
                0x00000000400849b0                taskYIELD_OTHER_CORE
 *fill*         0x0000000040084a03        0x1 
 .text.vTaskSuspendAll
                0x0000000040084a04       0x26 /home/wmt/myProj/esp32/myApp/build/freertos/libfreertos.a(tasks.o)
                0x0000000040084a04                vTaskSuspendAll
 *fill*         0x0000000040084a2a        0x2 
 .text.xTaskGetIdleTaskHandleForCPU
                0x0000000040084a2c       0x2a /home/wmt/myProj/esp32/myApp/build/freertos/libfreertos.a(tasks.o)
                                         0x2e (size before relaxing)
                0x0000000040084a2c                xTaskGetIdleTaskHandleForCPU
 *fill*         0x0000000040084a56        0x2 
 .text.vTaskSwitchContext
                0x0000000040084a58      0x27e /home/wmt/myProj/esp32/myApp/build/freertos/libfreertos.a(tasks.o)
                                        0x28a (size before relaxing)
                0x0000000040084a58                vTaskSwitchContext
 *fill*         0x0000000040084cd6        0x2 
 .text.vTaskSetTimeOutState
                0x0000000040084cd8       0x34 /home/wmt/myProj/esp32/myApp/build/freertos/libfreertos.a(tasks.o)
                0x0000000040084cd8                vTaskSetTimeOutState
 .text.xTaskGetCurrentTaskHandle
                0x0000000040084d0c       0x1f /home/wmt/myProj/esp32/myApp/build/freertos/libfreertos.a(tasks.o)
                0x0000000040084d0c                xTaskGetCurrentTaskHandle
 *fill*         0x0000000040084d2b        0x1 
 .text.__getreent
                0x0000000040084d2c       0x19 /home/wmt/myProj/esp32/myApp/build/freertos/libfreertos.a(tasks.o)
                0x0000000040084d2c                __getreent
 *fill*         0x0000000040084d45        0x3 
 .text.pcTaskGetTaskName
                0x0000000040084d48       0x2a /home/wmt/myProj/esp32/myApp/build/freertos/libfreertos.a(tasks.o)
                                         0x2d (size before relaxing)
                0x0000000040084d48                pcTaskGetTaskName
 *fill*         0x0000000040084d72        0x2 
 .text.xTaskGetAffinity
                0x0000000040084d74       0x10 /home/wmt/myProj/esp32/myApp/build/freertos/libfreertos.a(tasks.o)
                                         0x13 (size before relaxing)
                0x0000000040084d74                xTaskGetAffinity
 *fill*         0x0000000040084d84        0x0 
 .text.xTaskGetCurrentTaskHandleForCPU
                0x0000000040084d84       0x18 /home/wmt/myProj/esp32/myApp/build/freertos/libfreertos.a(tasks.o)
                0x0000000040084d84                xTaskGetCurrentTaskHandleForCPU
 .text.xTaskGetSchedulerState
                0x0000000040084d9c       0x37 /home/wmt/myProj/esp32/myApp/build/freertos/libfreertos.a(tasks.o)
                0x0000000040084d9c                xTaskGetSchedulerState
 *fill*         0x0000000040084dd3        0x1 
 .text.vTaskEnterCritical
                0x0000000040084dd4       0xac /home/wmt/myProj/esp32/myApp/build/freertos/libfreertos.a(tasks.o)
                                         0xb3 (size before relaxing)
                0x0000000040084dd4                vTaskEnterCritical
 *fill*         0x0000000040084e80        0x0 
 .text.vTaskExitCritical
                0x0000000040084e80       0x83 /home/wmt/myProj/esp32/myApp/build/freertos/libfreertos.a(tasks.o)
                                         0x8a (size before relaxing)
                0x0000000040084e80                vTaskExitCritical
 *fill*         0x0000000040084f03        0x1 
 .text.prvAddNewTaskToReadyList
                0x0000000040084f04      0x15c /home/wmt/myProj/esp32/myApp/build/freertos/libfreertos.a(tasks.o)
                                        0x173 (size before relaxing)
 *fill*         0x0000000040085060        0x0 
 .text.xTaskCreatePinnedToCore
                0x0000000040085060       0x6e /home/wmt/myProj/esp32/myApp/build/freertos/libfreertos.a(tasks.o)
                                         0x76 (size before relaxing)
                0x0000000040085060                xTaskCreatePinnedToCore
 *fill*         0x00000000400850ce        0x2 
 .text.vTaskStartScheduler
                0x00000000400850d0       0x67 /home/wmt/myProj/esp32/myApp/build/freertos/libfreertos.a(tasks.o)
                                         0x72 (size before relaxing)
                0x00000000400850d0                vTaskStartScheduler
 *fill*         0x0000000040085137        0x1 
 .text.vTaskDelete
                0x0000000040085138      0x10a /home/wmt/myProj/esp32/myApp/build/freertos/libfreertos.a(tasks.o)
                                        0x122 (size before relaxing)
                0x0000000040085138                vTaskDelete
 *fill*         0x0000000040085242        0x2 
 .text.vTaskDelay
                0x0000000040085244       0x70 /home/wmt/myProj/esp32/myApp/build/freertos/libfreertos.a(tasks.o)
                                         0x80 (size before relaxing)
                0x0000000040085244                vTaskDelay
 .text.prvCheckTasksWaitingTermination
                0x00000000400852b4       0xbe /home/wmt/myProj/esp32/myApp/build/freertos/libfreertos.a(tasks.o)
                                         0xc6 (size before relaxing)
 *fill*         0x0000000040085372        0x2 
 .text.prvIdleTask
                0x0000000040085374        0xc /home/wmt/myProj/esp32/myApp/build/freertos/libfreertos.a(tasks.o)
                                         0x12 (size before relaxing)
 *fill*         0x0000000040085380        0x0 
 .text.xTaskGetTickCount
                0x0000000040085380       0x1c /home/wmt/myProj/esp32/myApp/build/freertos/libfreertos.a(tasks.o)
                                         0x20 (size before relaxing)
                0x0000000040085380                xTaskGetTickCount
 .text.xTaskIncrementTick
                0x000000004008539c      0x1b2 /home/wmt/myProj/esp32/myApp/build/freertos/libfreertos.a(tasks.o)
                                        0x1ce (size before relaxing)
                0x000000004008539c                xTaskIncrementTick
 *fill*         0x000000004008554e        0x2 
 .text.xTaskResumeAll
                0x0000000040085550      0x173 /home/wmt/myProj/esp32/myApp/build/freertos/libfreertos.a(tasks.o)
                                        0x186 (size before relaxing)
                0x0000000040085550                xTaskResumeAll
 *fill*         0x00000000400856c3        0x1 
 .text.vTaskPlaceOnEventList
                0x00000000400856c4       0x83 /home/wmt/myProj/esp32/myApp/build/freertos/libfreertos.a(tasks.o)
                                         0x97 (size before relaxing)
                0x00000000400856c4                vTaskPlaceOnEventList
 *fill*         0x0000000040085747        0x1 
 .text.vTaskPlaceOnEventListRestricted
                0x0000000040085748       0x5b /home/wmt/myProj/esp32/myApp/build/freertos/libfreertos.a(tasks.o)
                                         0x6f (size before relaxing)
                0x0000000040085748                vTaskPlaceOnEventListRestricted
 *fill*         0x00000000400857a3        0x1 
 .text.xTaskRemoveFromEventList
                0x00000000400857a4      0x134 /home/wmt/myProj/esp32/myApp/build/freertos/libfreertos.a(tasks.o)
                                        0x143 (size before relaxing)
                0x00000000400857a4                xTaskRemoveFromEventList
 *fill*         0x00000000400858d8        0x0 
 .text.xTaskCheckForTimeOut
                0x00000000400858d8       0x8b /home/wmt/myProj/esp32/myApp/build/freertos/libfreertos.a(tasks.o)
                                         0x96 (size before relaxing)
                0x00000000400858d8                xTaskCheckForTimeOut
 *fill*         0x0000000040085963        0x1 
 .text.vTaskPriorityInherit
                0x0000000040085964       0xc4 /home/wmt/myProj/esp32/myApp/build/freertos/libfreertos.a(tasks.o)
                                         0xdb (size before relaxing)
                0x0000000040085964                vTaskPriorityInherit
 *fill*         0x0000000040085a28        0x0 
 .text.xTaskPriorityDisinherit
                0x0000000040085a28       0x97 /home/wmt/myProj/esp32/myApp/build/freertos/libfreertos.a(tasks.o)
                                         0xaa (size before relaxing)
                0x0000000040085a28                xTaskPriorityDisinherit
 *fill*         0x0000000040085abf        0x1 
 .text.pvTaskIncrementMutexHeldCount
                0x0000000040085ac0       0x50 /home/wmt/myProj/esp32/myApp/build/freertos/libfreertos.a(tasks.o)
                                         0x54 (size before relaxing)
                0x0000000040085ac0                pvTaskIncrementMutexHeldCount
 .text.prvGetNextExpireTime
                0x0000000040085b10       0x20 /home/wmt/myProj/esp32/myApp/build/freertos/libfreertos.a(timers.o)
 .text.prvInsertTimerInActiveList
                0x0000000040085b30       0x50 /home/wmt/myProj/esp32/myApp/build/freertos/libfreertos.a(timers.o)
                                         0x54 (size before relaxing)
 .text.prvCheckForValidListAndQueue
                0x0000000040085b80       0x66 /home/wmt/myProj/esp32/myApp/build/freertos/libfreertos.a(timers.o)
                                         0x7e (size before relaxing)
 *fill*         0x0000000040085be6        0x2 
 .text.xTimerCreateTimerTask
                0x0000000040085be8       0x48 /home/wmt/myProj/esp32/myApp/build/freertos/libfreertos.a(timers.o)
                                         0x4c (size before relaxing)
                0x0000000040085be8                xTimerCreateTimerTask
 .text.xTimerGenericCommand
                0x0000000040085c30       0x55 /home/wmt/myProj/esp32/myApp/build/freertos/libfreertos.a(timers.o)
                                         0x5d (size before relaxing)
                0x0000000040085c30                xTimerGenericCommand
 *fill*         0x0000000040085c85        0x3 
 .text.prvSwitchTimerLists
                0x0000000040085c88       0x76 /home/wmt/myProj/esp32/myApp/build/freertos/libfreertos.a(timers.o)
                                         0x82 (size before relaxing)
 *fill*         0x0000000040085cfe        0x2 
 .text.prvSampleTimeNow
                0x0000000040085d00       0x2b /home/wmt/myProj/esp32/myApp/build/freertos/libfreertos.a(timers.o)
                                         0x2f (size before relaxing)
 *fill*         0x0000000040085d2b        0x1 
 .text.prvProcessExpiredTimer
                0x0000000040085d2c       0x53 /home/wmt/myProj/esp32/myApp/build/freertos/libfreertos.a(timers.o)
                                         0x5f (size before relaxing)
 *fill*         0x0000000040085d7f        0x1 
 .text.prvProcessTimerOrBlockTask
                0x0000000040085d80       0x58 /home/wmt/myProj/esp32/myApp/build/freertos/libfreertos.a(timers.o)
                                         0x6c (size before relaxing)
 .text.prvProcessReceivedCommands
                0x0000000040085dd8       0xd6 /home/wmt/myProj/esp32/myApp/build/freertos/libfreertos.a(timers.o)
                                         0xe6 (size before relaxing)
 *fill*         0x0000000040085eae        0x2 
 .text.prvTimerTask
                0x0000000040085eb0       0x15 /home/wmt/myProj/esp32/myApp/build/freertos/libfreertos.a(timers.o)
                                         0x1d (size before relaxing)
 *fill*         0x0000000040085ec5        0x3 
 .text          0x0000000040085ec8      0x12b /home/wmt/myProj/esp32/myApp/build/freertos/libfreertos.a(xtensa_context.o)
                0x0000000040085ec8                _xt_context_save
                0x0000000040085f30                _xt_context_restore
                0x0000000040085f74                _xt_coproc_init
                0x0000000040085f88                _xt_coproc_release
                0x0000000040085fb4                _xt_coproc_savecs
                0x0000000040085fd4                _xt_coproc_restorecs
 *fill*         0x0000000040085ff3        0x1 
 .text          0x0000000040085ff4      0x1d0 /home/wmt/myProj/esp32/myApp/build/freertos/libfreertos.a(portasm.o)
                0x0000000040085ff4                _frxt_setup_switch
                0x000000004008600c                _frxt_int_enter
                0x0000000040086054                _frxt_int_exit
                0x00000000400860a4                _frxt_timer_int
                0x00000000400860cc                _frxt_tick_timer_init
                0x00000000400860e4                _frxt_dispatch
                0x000000004008612c                vPortYield
                0x0000000040086178                vPortYieldFromInt
                0x0000000040086198                _frxt_task_coproc_state
 .text._xt_tick_divisor_init
                0x00000000400861c4       0x1c /home/wmt/myProj/esp32/myApp/build/freertos/libfreertos.a(xtensa_init.o)
                                         0x1f (size before relaxing)
                0x00000000400861c4                _xt_tick_divisor_init
 *fill*         0x00000000400861e0        0x0 
 *fill*         0x00000000400861e0        0x0 
 .text.prvIsQueueEmpty
                0x00000000400861e0       0x12 /home/wmt/myProj/esp32/myApp/build/freertos/libfreertos.a(queue.o)
 *fill*         0x00000000400861f2        0x0 
 *fill*         0x00000000400861f2        0x0 
 *fill*         0x00000000400861f2        0x0 
 *fill*         0x00000000400861f2        0x0 
 *fill*         0x00000000400861f2        0x0 
 *fill*         0x00000000400861f2        0x0 
 *fill*         0x00000000400861f2        0x0 
 *fill*         0x00000000400861f2        0x0 
 *fill*         0x00000000400861f2        0x0 
 *fill*         0x00000000400861f2        0x0 
 *fill*         0x00000000400861f2        0x0 
 *fill*         0x00000000400861f2        0x0 
 *fill*         0x00000000400861f2        0x0 
 *fill*         0x00000000400861f2        0x0 
 *fill*         0x00000000400861f2        0x0 
 *fill*         0x00000000400861f2        0x2 
 .text.vListInitialise
                0x00000000400861f4       0x15 /home/wmt/myProj/esp32/myApp/build/freertos/libfreertos.a(list.o)
                0x00000000400861f4                vListInitialise
 *fill*         0x0000000040086209        0x3 
 .text.vListInitialiseItem
                0x000000004008620c        0x9 /home/wmt/myProj/esp32/myApp/build/freertos/libfreertos.a(list.o)
                0x000000004008620c                vListInitialiseItem
 *fill*         0x0000000040086215        0x3 
 .text.vListInsertEnd
                0x0000000040086218       0x1b /home/wmt/myProj/esp32/myApp/build/freertos/libfreertos.a(list.o)
                0x0000000040086218                vListInsertEnd
 *fill*         0x0000000040086233        0x1 
 .text.vListInsert
                0x0000000040086234       0x2f /home/wmt/myProj/esp32/myApp/build/freertos/libfreertos.a(list.o)
                0x0000000040086234                vListInsert
 *fill*         0x0000000040086263        0x1 
 .text.uxListRemove
                0x0000000040086264       0x26 /home/wmt/myProj/esp32/myApp/build/freertos/libfreertos.a(list.o)
                0x0000000040086264                uxListRemove
 *fill*         0x000000004008628a        0x0 
 *fill*         0x000000004008628a        0x0 
 *fill*         0x000000004008628a        0x0 
 *fill*         0x000000004008628a        0x0 
 *fill*         0x000000004008628a        0x2 
 .text.vPortStoreTaskMPUSettings
                0x000000004008628c       0x13 /home/wmt/myProj/esp32/myApp/build/freertos/libfreertos.a(port.o)
                0x000000004008628c                vPortStoreTaskMPUSettings
 *fill*         0x000000004008629f        0x0 
 *fill*         0x000000004008629f        0x0 
 *fill*         0x000000004008629f        0x0 
 *fill*         0x000000004008629f        0x0 
 *fill*         0x000000004008629f        0x0 
 *fill*         0x000000004008629f        0x0 
 *fill*         0x000000004008629f        0x0 
 *fill*         0x000000004008629f        0x0 
 *fill*         0x000000004008629f        0x0 
 *fill*         0x000000004008629f        0x0 
 *fill*         0x000000004008629f        0x0 
 *fill*         0x000000004008629f        0x0 
 *fill*         0x000000004008629f        0x0 
 *fill*         0x000000004008629f        0x0 
 *fill*         0x000000004008629f        0x0 
 *fill*         0x000000004008629f        0x0 
 *fill*         0x000000004008629f        0x0 
 *fill*         0x000000004008629f        0x0 
 *fill*         0x000000004008629f        0x0 
 *fill*         0x000000004008629f        0x0 
 *fill*         0x000000004008629f        0x0 
 *fill*         0x000000004008629f        0x0 
 *fill*         0x000000004008629f        0x0 
 *fill*         0x000000004008629f        0x0 
 *fill*         0x000000004008629f        0x0 
 *fill*         0x000000004008629f        0x0 
 *fill*         0x000000004008629f        0x0 
 *fill*         0x000000004008629f        0x0 
 *fill*         0x000000004008629f        0x0 
 *fill*         0x000000004008629f        0x0 
 *fill*         0x000000004008629f        0x0 
 *fill*         0x000000004008629f        0x0 
 *fill*         0x000000004008629f        0x0 
 *fill*         0x000000004008629f        0x0 
 *fill*         0x000000004008629f        0x0 
 *fill*         0x000000004008629f        0x0 
 *fill*         0x000000004008629f        0x0 
 *fill*         0x000000004008629f        0x0 
 *fill*         0x000000004008629f        0x0 
 *fill*         0x000000004008629f        0x0 
 *fill*         0x000000004008629f        0x1 
 .text          0x00000000400862a0       0x33 /home/wmt/myProj/esp32/myApp/build/freertos/libfreertos.a(xtensa_intr_asm.o)
                0x00000000400862a0                xt_ints_on
                0x00000000400862b8                xt_ints_off
 *fill*         0x00000000400862d3        0x0 
 *libheap.a:multi_heap.o(.literal .text .literal.* .text.*)
 *fill*         0x00000000400862d3        0x1 
 .text.get_prev_free_block
                0x00000000400862d4       0x68 /home/wmt/myProj/esp32/myApp/build/heap/libheap.a(multi_heap.o)
                                         0x77 (size before relaxing)
 *fill*         0x000000004008633c        0x0 
 .text.split_if_necessary
                0x000000004008633c       0xd6 /home/wmt/myProj/esp32/myApp/build/heap/libheap.a(multi_heap.o)
                                         0xe2 (size before relaxing)
 *fill*         0x0000000040086412        0x2 
 .text.assert_valid_block
                0x0000000040086414       0xac /home/wmt/myProj/esp32/myApp/build/heap/libheap.a(multi_heap.o)
                                         0xb4 (size before relaxing)
 .text.merge_adjacent
                0x00000000400864c0      0x12c /home/wmt/myProj/esp32/myApp/build/heap/libheap.a(multi_heap.o)
                                        0x140 (size before relaxing)
 .text.multi_heap_get_allocated_size_impl
                0x00000000400865ec       0x38 /home/wmt/myProj/esp32/myApp/build/heap/libheap.a(multi_heap.o)
                                         0x3c (size before relaxing)
                0x00000000400865ec                multi_heap_get_allocated_size
                0x00000000400865ec                multi_heap_get_allocated_size_impl
 .text.multi_heap_malloc_impl
                0x0000000040086624      0x110 /home/wmt/myProj/esp32/myApp/build/heap/libheap.a(multi_heap.o)
                                        0x120 (size before relaxing)
                0x0000000040086624                multi_heap_malloc
                0x0000000040086624                multi_heap_malloc_impl
 .text.multi_heap_free_impl
                0x0000000040086734      0x130 /home/wmt/myProj/esp32/myApp/build/heap/libheap.a(multi_heap.o)
                                        0x14c (size before relaxing)
                0x0000000040086734                multi_heap_free
                0x0000000040086734                multi_heap_free_impl
 .text.multi_heap_realloc_impl
                0x0000000040086864      0x258 /home/wmt/myProj/esp32/myApp/build/heap/libheap.a(multi_heap.o)
                                        0x274 (size before relaxing)
                0x0000000040086864                multi_heap_realloc
                0x0000000040086864                multi_heap_realloc_impl
 *fill*         0x0000000040086abc        0x0 
 *fill*         0x0000000040086abc        0x0 
 *fill*         0x0000000040086abc        0x0 
 .text.multi_heap_register_impl
                0x0000000040086abc       0x51 /home/wmt/myProj/esp32/myApp/build/heap/libheap.a(multi_heap.o)
                0x0000000040086abc                multi_heap_register_impl
                0x0000000040086abc                multi_heap_register
 *fill*         0x0000000040086b0d        0x3 
 .text.multi_heap_set_lock
                0x0000000040086b10        0x7 /home/wmt/myProj/esp32/myApp/build/heap/libheap.a(multi_heap.o)
                0x0000000040086b10                multi_heap_set_lock
 *fill*         0x0000000040086b17        0x0 
 *libheap.a:multi_heap_poisoning.o(.literal .text .literal.* .text.*)
 *libesp32.a:panic.o(.literal .text .literal.* .text.*)
 *fill*         0x0000000040086b17        0x1 
 .text.panicPutChar
                0x0000000040086b18       0x1e /home/wmt/myProj/esp32/myApp/build/esp32/libesp32.a(panic.o)
 *fill*         0x0000000040086b36        0x2 
 .text.panicPutStr
                0x0000000040086b38       0x1a /home/wmt/myProj/esp32/myApp/build/esp32/libesp32.a(panic.o)
 *fill*         0x0000000040086b52        0x2 
 .text.panicPutHex
                0x0000000040086b54       0x2c /home/wmt/myProj/esp32/myApp/build/esp32/libesp32.a(panic.o)
                                         0x2f (size before relaxing)
 *fill*         0x0000000040086b80        0x0 
 .text.panicPutDec
                0x0000000040086b80       0x3c /home/wmt/myProj/esp32/myApp/build/esp32/libesp32.a(panic.o)
                                         0x46 (size before relaxing)
 *fill*         0x0000000040086bbc        0x0 
 .text.reconfigureAllWdts
                0x0000000040086bbc       0xa8 /home/wmt/myProj/esp32/myApp/build/esp32/libesp32.a(panic.o)
 .text.putEntry
                0x0000000040086c64       0x2b /home/wmt/myProj/esp32/myApp/build/esp32/libesp32.a(panic.o)
                                         0x37 (size before relaxing)
 *fill*         0x0000000040086c8f        0x1 
 .text.doBacktrace
                0x0000000040086c90       0x71 /home/wmt/myProj/esp32/myApp/build/esp32/libesp32.a(panic.o)
                                         0x78 (size before relaxing)
 *fill*         0x0000000040086d01        0x3 
 .text.invoke_abort
                0x0000000040086d04       0x1d /home/wmt/myProj/esp32/myApp/build/esp32/libesp32.a(panic.o)
 *fill*         0x0000000040086d21        0x3 
 .text.haltOtherCore
                0x0000000040086d24       0x18 /home/wmt/myProj/esp32/myApp/build/esp32/libesp32.a(panic.o)
 .text.esp_panic_wdt_start
                0x0000000040086d3c       0x84 /home/wmt/myProj/esp32/myApp/build/esp32/libesp32.a(panic.o)
                                         0x88 (size before relaxing)
 .text.commonErrorHandler_dump
                0x0000000040086dc0       0xd6 /home/wmt/myProj/esp32/myApp/build/esp32/libesp32.a(panic.o)
                                        0x116 (size before relaxing)
 *fill*         0x0000000040086e96        0x2 
 .text.esp_panic_dig_reset
                0x0000000040086e98       0x33 /home/wmt/myProj/esp32/myApp/build/esp32/libesp32.a(panic.o)
                                         0x37 (size before relaxing)
 *fill*         0x0000000040086ecb        0x1 
 .text.abort    0x0000000040086ecc       0x2a /home/wmt/myProj/esp32/myApp/build/esp32/libesp32.a(panic.o)
                                         0x2d (size before relaxing)
                0x0000000040086ecc                abort
 *fill*         0x0000000040086ef6        0x2 
 .text.vApplicationStackOverflowHook
                0x0000000040086ef8       0x17 /home/wmt/myProj/esp32/myApp/build/esp32/libesp32.a(panic.o)
                                         0x23 (size before relaxing)
                0x0000000040086ef8                vApplicationStackOverflowHook
 *fill*         0x0000000040086f0f        0x1 
 .text.esp_panic_wdt_stop
                0x0000000040086f10       0x44 /home/wmt/myProj/esp32/myApp/build/esp32/libesp32.a(panic.o)
                0x0000000040086f10                esp_panic_wdt_stop
 .text.commonErrorHandler
                0x0000000040086f54       0x44 /home/wmt/myProj/esp32/myApp/build/esp32/libesp32.a(panic.o)
                                         0x56 (size before relaxing)
 *fill*         0x0000000040086f98        0x0 
 .text.panicHandler
                0x0000000040086f98      0x163 /home/wmt/myProj/esp32/myApp/build/esp32/libesp32.a(panic.o)
                                        0x186 (size before relaxing)
                0x0000000040086f98                panicHandler
 *fill*         0x00000000400870fb        0x1 
 .text.xt_unhandled_exception
                0x00000000400870fc       0x77 /home/wmt/myProj/esp32/myApp/build/esp32/libesp32.a(panic.o)
                                         0xa1 (size before relaxing)
                0x00000000400870fc                xt_unhandled_exception
 *fill*         0x0000000040087173        0x1 
 .text._esp_error_check_failed
                0x0000000040087174       0x3c /home/wmt/myProj/esp32/myApp/build/esp32/libesp32.a(panic.o)
                                         0x43 (size before relaxing)
                0x0000000040087174                _esp_error_check_failed
 *fill*         0x00000000400871b0        0x0 
 *fill*         0x00000000400871b0        0x0 
 *fill*         0x00000000400871b0        0x0 
 *fill*         0x00000000400871b0        0x0 
 .text.setFirstBreakpoint
                0x00000000400871b0       0x13 /home/wmt/myProj/esp32/myApp/build/esp32/libesp32.a(panic.o)
 *fill*         0x00000000400871c3        0x0 
 *fill*         0x00000000400871c3        0x0 
 *fill*         0x00000000400871c3        0x0 
 *fill*         0x00000000400871c3        0x0 
 *fill*         0x00000000400871c3        0x0 
 *fill*         0x00000000400871c3        0x0 
 *fill*         0x00000000400871c3        0x0 
 *fill*         0x00000000400871c3        0x0 
 *fill*         0x00000000400871c3        0x0 
 *fill*         0x00000000400871c3        0x0 
 *libesp32.a:core_dump.o(.literal .text .literal.* .text.*)
 *libapp_trace.a:(.literal .text .literal.* .text.*)
 *libxtensa-debug-module.a:eri.o(.literal .text .literal.* .text.*)
 *librtc.a:(.literal .text .literal.* .text.*)
 *libsoc.a:(.literal .text .literal.* .text.*)
 *fill*         0x00000000400871c3        0x1 
 .text.rtc_clk_cal_internal
                0x00000000400871c4      0x161 /home/wmt/myProj/esp32/myApp/build/soc/libsoc.a(rtc_time.o)
 *fill*         0x0000000040087325        0x3 
 .text.rtc_clk_cal
                0x0000000040087328       0x4e /home/wmt/myProj/esp32/myApp/build/soc/libsoc.a(rtc_time.o)
                                         0x52 (size before relaxing)